[jit] profile=production backend=x86-64 (native code generation) window=1 blocks=1 max=64 ram=10MB
[jit] engine ON
[jit] block $00A03CF6  4 instr,  4 native, 2342 bytes  branch->INTERNAL  [1083/4c 1083/4c 1083/4c 51CA/6c ]
[jit] block $00A02F58  3 instr,  3 native, 1733 bytes  [2049/2c D1D9/6c 2468/7c ]
[jit] block $00A03124  5 instr,  3 native, 2007 bytes  [4A32/9c 1212/70c E159/8c 50C1/4c 1481/68c ]
[jit] block $00A03134  2 instr,  2 native, 1073 bytes  branch->exit  [D201/2c 670C/4c ]
[jit] block $00A03138  3 instr,  3 native, 1689 bytes  branch->exit  [4401/2c B232/9c 6604/6c ]
[jit] block $00A03144  2 instr,  1 native, 844 bytes  [E059/8c 14BC/130c ]
[jit] block $00A0314E  1 instr,  1 native, 647 bytes  branch->exit  [4ED6/4c ]
[jit] block $00A03140  2 instr,  1 native, 828 bytes  branch->exit  [B212/74c 67EC/6c ]
[jit] block $00A03130  2 instr,  1 native, 719 bytes  [4401/2c 1481/68c ]
[jit] block $00A02F80  3 instr,  3 native, 1666 bytes  branch->exit  [43F0/9c B429/7c 66F2/6c ]
[jit] block $00A02F7C  2 instr,  2 native, 1301 bytes  branch->exit  [2018/6c 67D2/4c ]
[jit] block $00A46240  2 instr,  2 native, 1045 bytes  branch->exit  [0807/4c 6704/4c ]
[jit] block $00A46246  2 instr,  2 native, 923 bytes  branch->exit  [2E4D/2c 4ED6/4c ]
[jit] block $00A02F18  4 instr,  4 native, 1724 bytes  branch->exit  [08C7/4c 2A4F/2c 4A02/2c 6730/6c ]
[jit] block $00A02F2C  3 instr,  3 native, 1679 bytes  branch->exit  [43F0/9c B469/7c 66F0/6c ]
[jit] block $00A02F26  3 instr,  3 native, 1659 bytes  branch->exit  [5848/2c 2010/6c 6726/4c ]
[jit] block $00A02F36  6 instr,  6 native, 2886 bytes  branch->exit  [4E71/2c 4E71/2c 2051/6c D1C9/2c 2029/7c 6754/4c ]
[jit] block $00A02F44  2 instr,  2 native, 1159 bytes  branch->exit  [2429/7c 6000/10c ]
[jit] block $00A03AA4  2 instr,  2 native, 1168 bytes  branch->exit  [0802/4c 6700/6c ]
[jit] block $00A03AAC  3 instr,  3 native, 1265 bytes  branch->exit  [244E/2c 4DFA/7c 4EFA/5c ]
[jit] block $00A03A82  1 instr,  1 native, 654 bytes  [123C/4c ]
[jit] block $00A03A92  2 instr,  2 native, 954 bytes  branch->exit  [B201/2c 4ED6/4c ]
[jit] block $00A03AB6  1 instr,  1 native, 761 bytes  branch->exit  [6704/6c ]
[jit] block $00A03ABC  2 instr,  2 native, 899 bytes  branch->exit  [2C4A/2c 6000/10c ]
[jit] block $00A03054  2 instr,  2 native, 1297 bytes  branch->exit  [2229/7c 6604/6c ]
[jit] block $00A0305E  2 instr,  2 native, 1035 bytes  branch->exit  [0887/4c 4ED6/4c ]
[jit] block $00A02F22  4 instr,  4 native, 2028 bytes  branch->exit  [41FA/7c 5848/2c 2010/6c 6726/4c ]
[jit] block $00A14E9C  2 instr,  2 native, 1111 bytes  branch->INTERNAL  [4A11/70c 51CB/6c ]
[jit] block $00A14E98  3 instr,  3 native, 1512 bytes  branch->INTERNAL  [363C/12c 4A11/126c 51CB/10c ]
[jit] block $00A14EA2  1 instr,  1 native, 647 bytes  branch->exit  [4ED5/8c ]
[jit] block $00A14C62  1 instr,  1 native, 772 bytes  branch->exit  [51C8/10c ]
[jit] block $00A14C5A  2 instr,  2 native, 989 bytes  branch->exit  [4BFA/7c 4EFA/5c ]
[jit] block $00A14E9E  1 instr,  1 native, 772 bytes  branch->exit  [51CB/6c ]
[jit] block $00A14DC4  1 instr,  1 native, 678 bytes  branch->exit  [51CC/6c ]
[jit] block $00A14DBC  2 instr,  2 native, 1216 bytes  branch->exit  [0829/65c 6620/4c ]
[jit] block $00A14DF0  2 instr,  2 native, 1111 bytes  branch->INTERNAL  [4A11/70c 51CB/6c ]
[jit] block $00A14E58  2 instr,  2 native, 1183 bytes  branch->INTERNAL  [0829/69c 67F8/6c ]
[jit] block $00A14E4A  5 instr,  2 native, 1572 bytes  branch->INTERNAL  [08E9/201c 1340/73c 08D1/164c 0829/81c 67F8/10c ]
[jit]   ^ REFUSED(coverage)
[jit] block $00A14E6A  2 instr,  2 native, 1183 bytes  branch->INTERNAL  [0829/141c 67F8/6c ]
[jit] block $00A14E7E  2 instr,  2 native, 1111 bytes  branch->INTERNAL  [4A11/74c 51CB/6c ]
[jit]   no emitter for $00A41A5E 480C: traced semantics op=0 (canEmit=0)
[jit]   no emitter for $00A5192E 01C8: traced semantics op=0 (canEmit=0)
[jit]   no emitter for $00A51932 01C8: traced semantics op=0 (canEmit=0)
[jit]   no emitter for $00A79E20 CB05: traced semantics op=0 (canEmit=0)
[jit]   no emitter for $00A79E22 C904: traced semantics op=0 (canEmit=0)
[jit]   no emitter for $00A79E24 C703: traced semantics op=0 (canEmit=0)
[jit]   no emitter for $00A79E26 C502: traced semantics op=0 (canEmit=0)
[jit]   no emitter for $00A79E28 C301: traced semantics op=0 (canEmit=0)
[jit]   no emitter for $00A79E26 C502: traced semantics op=0 (canEmit=0)
[jit]   no emitter for $00A79E28 C301: traced semantics op=0 (canEmit=0)
[jit] retired=229948303 window=728374 (0.3%) arms=4939122 failed=21050 blocks run=3894121 compiled=23517 flushes=9
[jit] dtlb refusals: probe=74559 pagelen=0 codepage=26959 notram=26783 cache040=0
[jit] arm refusals: probe=20815 notram=11 degenerate=0 pcatend=223 uncovered=0 pipe=1
lcii engine=jit    cycles=520960000 machine (2083853503 core, boost ×4.0)  wall=6.29s for 33.25s of guest time  ×5.29 real time  331.4 core MHz  fp=3de5c5ab62b4eca8
  backend=x86-64  retired=236821650  37.7 Minstr/s  blocks 23517 compiled / 3894121 run (59.1 instr/run)
  compile: 23575 attempt(s), 58 rejected (0.2%), 156.78 ms total (6.7 us/attempt)
    accepted 23517 in 156.60 ms (6.7 us/accepted) · context/IR 16/0.00 ms · coverage 42/0.18 ms
  native 224947719 (95.0%) · block fallback 4138792 (1.7%) · window/interp 7601721 (3.2%) · tracing 133418 (0.1%)
  identity: buckets 224947719+4138792+728374+6873347+133418 = 236821650 vs retired 236821650 · misses 7735139 vs attributed 7735139 · OK
  window 4939122 armed / 21050 refused · dtlb 1080489 filled / 26783 refused · 9 flush(es), 39888 from a write into translated code
  flush causes:  wrapper hint/reset 1  translation moved 4530  write into code 8
  not-native causes (instrs):  cpu flags 2963286 (1.3%)  window refused 21050 (0.0%)  arm backoff 673600 (0.3%)  tracing 3317640 (1.4%)  backend declined 728374 (0.3%)  guard replay 31189 (0.0%)
  exit block end           3308662  (1 per 71.6 instr)
  exit cpu flags           2981458  (1 per 79.4 instr)
  exit fault                     1  (1 per 236821650.0 instr)
  exit window lost          459507  (1 per 515.4 instr)
  exit clock budget         111377  (1 per 2126.3 instr)
  exit not compilable      3184226  (1 per 74.4 instr)
  exits total        10045231  (1 per 23.6 instr)
POM68K_JIT_METRICS {"schema":"pom68k.jit.metrics.v1","gate":"jit_fixed_cycle_bench","workload":"lcii_native_experimental","cpu_family":"68030","host_arch":"x86_64","host_profile":"x86_64","backend":"x86-64","engine":"jit","status":"pass","machine_cycles":520960000,"core_cycles":2083853503,"wall_ns":6288819642,"fingerprint":"3de5c5ab62b4eca8","blocks_compiled":23517,"blocks_run":3894121,"jit_instrs":229948303,"native_instrs":224947719,"interp_instrs":6873347,"slow_instrs":4138792,"window_instrs":728374,"native_share_permille":949,"realtime_permille":5287}
  SCSI=9618  pc=$0006B2E2  running
  icache: 571592391 fetches, 443637308 hits, 127950916 misses (77.61% hit)
