PROFILE: interrupts/evictions/bytes = 9024/5360/623904
lcii engine=jit    cycles=520960000 machine (2083853503 core, boost ×4.0)  wall=17.41s for 33.25s of guest time  ×1.91 real time  119.7 core MHz  fp=3de5c5ab62b4eca8
  backend=threaded  retired=236821650  13.6 Minstr/s  blocks 23377 compiled / 80500378 run (2.9 instr/run)
  compile: 23377 attempt(s), 0 rejected (0.0%), 1.36 ms total (0.1 us/attempt)
    accepted 23377 in 1.36 ms (0.1 us/accepted)
  native 0 (0.0%) · block fallback 229496737 (96.9%) · window/interp 7192421 (3.0%) · tracing 132492 (0.1%)
  identity: buckets 0+229496737+0+7192421+132492 = 236821650 vs retired 236821650 · misses 7324913 vs attributed 7324913 · OK
  window 8577368 armed / 31729 refused · dtlb 1138777 filled / 61956 refused · 9 flush(es), 25264 from a write into translated code
  flush causes:  wrapper hint/reset 1  translation moved 4530  write into code 8
  not-native causes (instrs):  cpu flags 2963286 (1.3%)  window refused 31729 (0.0%)  arm backoff 1015328 (0.4%)  tracing 3314570 (1.4%)
  exit block end          80401323  (1 per 2.9 instr)
  exit cpu flags           2975785  (1 per 79.6 instr)
  exit fault                     1  (1 per 236821650.0 instr)
  exit window lost             613  (1 per 386332.2 instr)
  exit clock budget          85942  (1 per 2755.6 instr)
  exit not compilable      3182082  (1 per 74.4 instr)
  exits total        86645746  (1 per 2.7 instr)
POM68K_JIT_METRICS {"schema":"pom68k.jit.metrics.v1","gate":"jit_fixed_cycle_bench","workload":"lcii_threaded","cpu_family":"68030","host_arch":"x86_64","host_profile":"x86_64","backend":"threaded","engine":"jit","status":"pass","machine_cycles":520960000,"core_cycles":2083853503,"wall_ns":17414178197,"fingerprint":"3de5c5ab62b4eca8","blocks_compiled":23377,"blocks_run":80500378,"jit_instrs":229629229,"native_instrs":0,"interp_instrs":7192421,"slow_instrs":229496737,"window_instrs":0,"native_share_permille":0,"realtime_permille":1909}
  SCSI=9618  pc=$0006B2E2  running
  icache: 571592391 fetches, 443637308 hits, 127950916 misses (77.61% hit)
  data window: 86683352 hits, 14900511 refusals
