lcii engine=jit    cycles=1562880000 machine (6251555892 core, boost ×4.0)  wall=14.93s for 99.75s of guest time  ×6.68 real time  418.7 core MHz  fp=cfb184b6faddabec
  backend=x86-64  retired=661452534  44.3 Minstr/s  blocks 23857 compiled / 14254223 run (44.5 instr/run)
  compile: 23916 attempt(s), 59 rejected (0.2%), 164.78 ms total (6.9 us/attempt)
    accepted 23857 in 164.63 ms (6.9 us/accepted) · context/IR 17/0.00 ms · coverage 42/0.15 ms
  native 626848902 (94.8%) · block fallback 6084500 (0.9%) · window/interp 28383222 (4.3%) · tracing 135910 (0.0%)
  identity: buckets 626848902+6084500+752060+27631162+135910 = 661452534 vs retired 661452534 · misses 28519132 vs attributed 28519132 · OK
  window 21533246 armed / 36692 refused · dtlb 3910030 filled / 56048 refused · 9 flush(es), 56129 from a write into translated code
  flush causes:  wrapper hint/reset 1  translation moved 4530  write into code 8
  not-native causes (instrs):  cpu flags 13111380 (2.0%)  window refused 36692 (0.0%)  arm backoff 1174144 (0.2%)  tracing 13397525 (2.0%)  backend declined 752060 (0.1%)  guard replay 47331 (0.0%)
  exit block end          12143263  (1 per 54.5 instr)
  exit cpu flags          13142656  (1 per 50.3 instr)
  exit fault                     1  (1 per 661452534.0 instr)
  exit window lost         1764417  (1 per 374.9 instr)
  exit clock budget         320345  (1 per 2064.8 instr)
  exit not compilable     13261619  (1 per 49.9 instr)
  exits total        40632301  (1 per 16.3 instr)
POM68K_JIT_METRICS {"schema":"pom68k.jit.metrics.v1","gate":"jit_fixed_cycle_bench","workload":"lcii_native_experimental","cpu_family":"68030","host_arch":"x86_64","host_profile":"x86_64","backend":"x86-64","engine":"jit","status":"pass","machine_cycles":1562880000,"core_cycles":6251555892,"wall_ns":14931104653,"fingerprint":"cfb184b6faddabec","blocks_compiled":23857,"blocks_run":14254223,"jit_instrs":633821372,"native_instrs":626848902,"interp_instrs":27631162,"slow_instrs":6084500,"window_instrs":752060,"native_share_permille":947,"realtime_permille":6681}
  SCSI=9618  pc=$0005CB10  running
  icache: 1602507733 fetches, 1093456393 hits, 509047173 misses (68.23% hit)
  data window: 47172553 hits, 15645046 refusals
