ASSET rom    "roms/1MB ROMs/1993-10 - FF7439EE - LC475,575,Quadra 605,Performa 475,476,575,577,578.ROM" 1048576 B sha256 9c758473a523ffe40ed0d20d27ff37216ed2df064335d7da815a89cff5607b34
ASSET disk   "cd/MAC_OS_8-1_RETAIL_0.ISO" 420542464 B sha256 a9e19e2da7c4ad7552beb3eee2609dbe88c3392fad6e98e1490088b326e5e26c
SCSI: flat HFS façade — DDM template from hdv/HD20SC.vhd
SCSI: flat HFS → façade (96 + 512000 = 512096 blocks)
[scsi 0] op $08 lba 0 n 1
[scsi 1] op $08 lba 64 n 19
[scsi 2] op $08 lba 1 n 1
[scsi 3] op $08 lba 2 n 1
[scsi 4] op $08 lba 1 n 1
[scsi 5] op $08 lba 2 n 1
[scsi 6] op $08 lba 3 n 1
[scsi 7] op $28 lba 1 n 1
[scsi 8] op $28 lba 2 n 1
[scsi 9] op $28 lba 3 n 1
[scsi 10] op $08 lba 0 n 1
[scsi 11] op $08 lba 16 n 5
[scsi 12] op $08 lba 1 n 1
[scsi 13] op $08 lba 2 n 1
[scsi 14] op $08 lba 3 n 1
[scsi 15] op $08 lba 4 n 1
[scsi 16] op $08 lba 1 n 1
[scsi 17] op $08 lba 2 n 1
[scsi 18] op $00 lba 0 n 0
[scsi 19] op $25 lba 0 n 0
[scsi 20] op $08 lba 1 n 1
[scsi 21] op $08 lba 1 n 1
[scsi 22] op $08 lba 2 n 1
[scsi 23] op $08 lba 3 n 1
[scsi 24] op $08 lba 4 n 1
[scsi 25] op $08 lba 5 n 1
[scsi 26] op $08 lba 6 n 1
[scsi 27] op $08 lba 7 n 1
[scsi 28] op $08 lba 8 n 1
[scsi 29] op $08 lba 113 n 1
[scsi 30] op $08 lba 113 n 1
[scsi 31] op $08 lba 238 n 3
[scsi 32] op $08 lba 235 n 3
[scsi 33] op $08 lba 234 n 1
[scsi 34] op $08 lba 0 n 1
[scsi 35] op $08 lba 16 n 1
[scsi 36] op $08 lba 49 n 22
[scsi 37] op $08 lba 1 n 1
[scsi 38] op $12 lba 0 n 36
[scsi 39] op $1A lba 12288 n 36
[scsi 40] op $1A lba 12288 n 36
[scsi 41] op $12 lba 0 n 36
[scsi 42] op $1A lba 12288 n 36
[scsi 43] op $12 lba 0 n 36
[scsi 44] op $15 lba 0 n 8
[scsi 45] op $00 lba 0 n 0
[scsi 46] op $43 lba 131072 n 0
[scsi 47] op $43 lba 131072 n 0
[scsi 48] op $25 lba 0 n 0
[scsi 49] op $43 lba 0 n 0
[scsi 50] op $43 lba 131072 n 0
[scsi 51] op $08 lba 0 n 1
[scsi 52] op $08 lba 16 n 1
[scsi 53] op $08 lba 16 n 1
[scsi 54] op $08 lba 0 n 1
[scsi 55] op $08 lba 1 n 1
[scsi 56] op $08 lba 2 n 1
[scsi 57] op $43 lba 131072 n 0
[scsi 58] op $00 lba 0 n 0
[scsi 59] op $1E lba 0 n 1
[scsi 60] op $28 lba 96 n 2
[scsi 61] op $08 lba 241 n 1
[scsi 62] op $08 lba 245 n 1
[scsi 63] op $08 lba 756 n 1
[scsi 64] op $08 lba 785 n 1
[scsi 65] op $08 lba 759 n 1
[scsi 66] op $08 lba 899 n 1
[scsi 67] op $08 lba 901 n 1
[scsi 68] op $08 lba 931 n 1
[scsi 69] op $08 lba 785 n 1
[scsi 70] op $08 lba 911 n 1
[scsi 71] op $08 lba 898 n 1
[scsi 72] op $08 lba 2247 n 1
[scsi 73] op $08 lba 5124 n 1
[scsi 74] op $08 lba 5125 n 14
[scsi 75] op $08 lba 2548 n 1
[scsi 76] op $08 lba 3676 n 1
[scsi 77] op $08 lba 3687 n 1
[scsi 78] op $08 lba 3688 n 3
[scsi 79] op $08 lba 3691 n 12
[scsi 80] op $08 lba 3707 n 1
[scsi 81] op $08 lba 3708 n 1
[scsi 82] op $08 lba 3714 n 1
[scsi 83] op $08 lba 3719 n 1
[scsi 84] op $08 lba 4793 n 1
[scsi 85] op $08 lba 4794 n 11
[scsi 86] op $08 lba 3093 n 1
[scsi 87] op $08 lba 3359 n 1
[scsi 88] op $08 lba 3358 n 1
[scsi 89] op $08 lba 3359 n 1
[scsi 90] op $08 lba 3732 n 1
[scsi 91] op $08 lba 3706 n 1
[scsi 92] op $08 lba 3707 n 1
[scsi 93] op $08 lba 5088 n 1
[scsi 94] op $08 lba 903 n 1
[scsi 95] op $08 lba 898 n 1
[scsi 96] op $08 lba 5096 n 1
[scsi 97] op $08 lba 5097 n 17
[scsi 98] op $08 lba 4344 n 1
[scsi 99] op $08 lba 4345 n 1
[scsi 100] op $08 lba 5114 n 1
[scsi 101] op $08 lba 3145 n 1
[scsi 102] op $08 lba 3146 n 11
[scsi 103] op $08 lba 3139 n 1
[scsi 104] op $08 lba 3140 n 1
[scsi 105] op $08 lba 3141 n 1
[scsi 106] op $08 lba 3142 n 1
[scsi 107] op $08 lba 5124 n 1
[scsi 108] op $08 lba 3094 n 1
[scsi 109] op $08 lba 3095 n 1
[scsi 110] op $08 lba 3096 n 1
[scsi 111] op $08 lba 4870 n 1
[scsi 112] op $08 lba 4871 n 15
[scsi 113] op $08 lba 4886 n 1
[scsi 114] op $08 lba 3579 n 1
[scsi 115] op $08 lba 3580 n 2
[scsi 116] op $08 lba 3093 n 1
[scsi 117] op $08 lba 3094 n 1
[scsi 118] op $08 lba 3359 n 1
[scsi 119] op $08 lba 4901 n 1
[scsi 120] op $08 lba 4902 n 3
[scsi 121] op $08 lba 3004 n 1
[scsi 122] op $08 lba 5088 n 1
[scsi 123] op $08 lba 2814 n 1
[scsi 124] op $08 lba 2815 n 1
[scsi 125] op $08 lba 5088 n 1
[scsi 126] op $08 lba 3557 n 1
[scsi 127] op $08 lba 3558 n 1
[scsi 128] op $08 lba 3905 n 1
[scsi 129] op $08 lba 3906 n 7
[scsi 130] op $08 lba 3100 n 1
[scsi 131] op $08 lba 3101 n 2
[scsi 132] op $08 lba 3973 n 1
[scsi 133] op $08 lba 3974 n 17
[scsi 134] op $08 lba 3704 n 1
[scsi 135] op $08 lba 3923 n 1
[scsi 136] op $08 lba 3924 n 2
[scsi 137] op $08 lba 3102 n 6
[scsi 138] op $08 lba 3057 n 1
[scsi 139] op $08 lba 3058 n 31
[scsi 140] op $08 lba 3091 n 1
[scsi 141] op $08 lba 3092 n 1
[scsi 142] op $08 lba 3090 n 1
[scsi 143] op $08 lba 3089 n 1
[scsi 144] op $08 lba 3090 n 1
[scsi 145] op $08 lba 4082 n 1
[scsi 146] op $08 lba 4083 n 13
[scsi 147] op $08 lba 4070 n 1
[scsi 148] op $08 lba 4071 n 12
[scsi 149] op $08 lba 3340 n 1
[scsi 150] op $08 lba 4069 n 1
[scsi 151] op $08 lba 3215 n 1
[scsi 152] op $08 lba 3216 n 124
[scsi 153] op $08 lba 4068 n 1
[scsi 154] op $08 lba 4069 n 1
[scsi 155] op $08 lba 3133 n 1
[scsi 156] op $08 lba 3009 n 1
[scsi 157] op $08 lba 3719 n 1
[scsi 158] op $08 lba 3720 n 1
[scsi 159] op $08 lba 785 n 1
[scsi 160] op $08 lba 759 n 1
[scsi 161] op $08 lba 899 n 1
[scsi 162] op $08 lba 903 n 1
[scsi 163] op $08 lba 777 n 1
[scsi 164] op $08 lba 902 n 1
[scsi 165] op $08 lba 14077 n 1
[scsi 166] op $08 lba 14117 n 1
[scsi 167] op $08 lba 14984 n 1
[scsi 168] op $08 lba 15022 n 1
[scsi 169] op $08 lba 15021 n 1
[scsi 170] op $08 lba 15563 n 1
[scsi 171] op $08 lba 15630 n 1
[scsi 172] op $08 lba 15629 n 1
[scsi 173] op $08 lba 15631 n 1
[scsi 174] op $08 lba 15674 n 1
[scsi 175] op $08 lba 902 n 1
[scsi 176] op $08 lba 15494 n 1
[scsi 177] op $08 lba 15561 n 1
[scsi 178] op $08 lba 15557 n 1
[scsi 179] op $08 lba 15558 n 4
[scsi 180] op $08 lba 15676 n 1
[scsi 181] op $08 lba 15703 n 1
[scsi 182] op $08 lba 14552 n 1
[scsi 183] op $08 lba 14594 n 1
[scsi 184] op $08 lba 15202 n 1
[scsi 185] op $08 lba 15349 n 1
[scsi 186] op $08 lba 15347 n 1
[scsi 187] op $08 lba 15348 n 2
[scsi 188] op $08 lba 903 n 1
[scsi 189] op $08 lba 904 n 1
[scsi 190] op $08 lba 15166 n 1
[scsi 191] op $08 lba 15200 n 1
[scsi 192] op $08 lba 15023 n 1
[scsi 193] op $08 lba 15163 n 1
[scsi 194] op $08 lba 15161 n 1
[scsi 195] op $08 lba 15162 n 2
[scsi 196] op $08 lba 2282 n 1
[scsi 197] op $08 lba 901 n 1
[scsi 198] op $08 lba 898 n 1
[scsi 199] op $08 lba 923 n 1
[scsi 200] op $08 lba 921 n 1
[scsi 201] op $08 lba 3363 n 1
[scsi 202] op $08 lba 3093 n 1
[scsi 203] op $08 lba 4904 n 1
[scsi 204] op $08 lba 4905 n 68
[scsi 205] op $08 lba 245 n 1
[scsi 206] op $08 lba 756 n 1
[scsi 207] op $08 lba 3714 n 1
[scsi 208] op $08 lba 4082 n 1
[scsi 209] op $08 lba 4083 n 13
[scsi 210] op $08 lba 4070 n 1
[scsi 211] op $08 lba 4071 n 12
[scsi 212] op $08 lba 3340 n 1
[scsi 213] op $08 lba 4069 n 1
[scsi 214] op $08 lba 3215 n 1
[scsi 215] op $08 lba 3216 n 124
[scsi 216] op $08 lba 4068 n 1
[scsi 217] op $08 lba 4069 n 1
[scsi 218] op $08 lba 3554 n 1
[scsi 219] op $08 lba 3555 n 2
[scsi 220] op $08 lba 5078 n 1
[scsi 221] op $08 lba 5079 n 8
[scsi 222] op $08 lba 3556 n 2
[scsi 223] op $08 lba 4331 n 1
[scsi 224] op $08 lba 4332 n 2
[scsi 225] op $08 lba 4334 n 1
[scsi 226] op $08 lba 3702 n 1
[scsi 227] op $08 lba 3703 n 2
[scsi 228] op $08 lba 4161 n 1
[scsi 229] op $08 lba 3826 n 1
[scsi 230] op $08 lba 3827 n 1
[scsi 231] op $08 lba 3819 n 1
[scsi 232] op $08 lba 3006 n 1
[scsi 233] op $08 lba 4161 n 1
[scsi 234] op $08 lba 3826 n 1
[scsi 235] op $08 lba 3818 n 1
[scsi 236] op $08 lba 3687 n 1
[scsi 237] op $08 lba 5074 n 1
[scsi 238] op $08 lba 5075 n 4
[scsi 239] op $08 lba 3510 n 1
[scsi 240] op $08 lba 3511 n 44
[scsi 241] op $08 lba 2407 n 1
[scsi 242] op $08 lba 3002 n 1
[scsi 243] op $08 lba 5072 n 1
[scsi 244] op $08 lba 5073 n 1
[scsi 245] op $08 lba 5074 n 1
[scsi 246] op $08 lba 2424 n 1
[scsi 247] op $08 lba 2425 n 3
[scsi 248] op $08 lba 2422 n 1
[scsi 249] op $08 lba 785 n 1
[scsi 250] op $08 lba 759 n 1
[scsi 251] op $08 lba 899 n 1
[scsi 252] op $08 lba 898 n 1
[scsi 253] op $08 lba 904 n 1
[scsi 254] op $08 lba 903 n 1
[scsi 255] op $08 lba 3478 n 1
[scsi 256] op $08 lba 3479 n 18
[scsi 257] op $08 lba 3672 n 1
[scsi 258] op $08 lba 3673 n 3
[scsi 259] op $08 lba 3008 n 1
[scsi 260] op $08 lba 903 n 1
[scsi 261] op $08 lba 3007 n 1
[scsi 262] op $08 lba 4678 n 1
[scsi 263] op $08 lba 4679 n 6
[scsi 264] op $08 lba 4164 n 1
[scsi 265] op $08 lba 4165 n 1
[scsi 266] op $08 lba 901 n 1
[scsi 267] op $08 lba 931 n 1
[scsi 268] op $08 lba 785 n 1
[scsi 269] op $08 lba 911 n 1
[scsi 270] op $08 lba 3477 n 1
[scsi 271] op $08 lba 3478 n 1
[scsi 272] op $08 lba 5053 n 1
[scsi 273] op $08 lba 5054 n 19
[scsi 274] op $08 lba 2537 n 1
[scsi 275] op $08 lba 2538 n 1
[scsi 276] op $08 lba 4717 n 1
[scsi 277] op $08 lba 4718 n 1
[scsi 278] op $08 lba 756 n 1
[scsi 279] op $08 lba 3442 n 1
[scsi 280] op $08 lba 3443 n 27
[scsi 281] op $08 lba 2551 n 1
[scsi 282] op $08 lba 2552 n 21
[scsi 283] op $08 lba 2550 n 1
[scsi 284] op $08 lba 2551 n 1
[scsi 285] op $08 lba 2268 n 1
[scsi 286] op $08 lba 2269 n 1
[scsi 287] op $08 lba 899 n 1
[scsi 288] op $08 lba 900 n 1
[scsi 289] op $08 lba 8936 n 1
[scsi 290] op $08 lba 8938 n 1
[scsi 291] op $08 lba 8939 n 1
[scsi 292] op $08 lba 900 n 1
[scsi 293] op $08 lba 901 n 1
[scsi 294] op $08 lba 11061 n 1
[scsi 295] op $08 lba 11063 n 1
[scsi 296] op $08 lba 11064 n 1
[scsi 297] op $08 lba 11062 n 1
[scsi 298] op $08 lba 11201 n 1
[scsi 299] op $08 lba 11204 n 1
[scsi 300] op $08 lba 11202 n 1
[scsi 301] op $08 lba 11203 n 1
[scsi 302] op $08 lba 11481 n 1
[scsi 303] op $08 lba 11491 n 1
[scsi 304] op $08 lba 11481 n 1
[scsi 305] op $08 lba 11482 n 1
[scsi 306] op $08 lba 901 n 1
[scsi 307] op $08 lba 902 n 1
[scsi 308] op $08 lba 7402 n 1
[scsi 309] op $08 lba 7621 n 1
[scsi 310] op $08 lba 7622 n 2
[scsi 311] op $08 lba 7402 n 1
[scsi 312] op $08 lba 2102 n 1
[scsi 313] op $08 lba 2103 n 4
[scsi 314] op $08 lba 3472 n 1
[scsi 315] op $08 lba 3473 n 5
[scsi 316] op $08 lba 3009 n 1
[scsi 317] op $08 lba 3732 n 1
[scsi 318] op $08 lba 3733 n 1
[scsi 319] op $08 lba 2826 n 1
[scsi 320] op $08 lba 2825 n 1
[scsi 321] op $08 lba 2824 n 1
[scsi 322] op $08 lba 2823 n 1
[scsi 323] op $08 lba 3642 n 1
[scsi 324] op $08 lba 3643 n 7
[scsi 325] op $08 lba 2823 n 1
[scsi 326] op $08 lba 2822 n 1
[scsi 327] op $08 lba 2820 n 1
[scsi 328] op $08 lba 2821 n 2
[scsi 329] op $08 lba 2819 n 1
[scsi 330] op $08 lba 2820 n 1
[scsi 331] op $08 lba 2818 n 1
[scsi 332] op $08 lba 2819 n 1
[scsi 333] op $08 lba 2817 n 1
[scsi 334] op $08 lba 2818 n 1
[scsi 335] op $08 lba 2816 n 1
[scsi 336] op $08 lba 2817 n 1
[scsi 337] op $08 lba 2815 n 1
[scsi 338] op $08 lba 2816 n 1
[scsi 339] op $08 lba 3187 n 1
[scsi 340] op $08 lba 3720 n 1
[scsi 341] op $08 lba 3721 n 9
[scsi 342] op $08 lba 3730 n 1
[scsi 343] op $08 lba 2538 n 1
[scsi 344] op $08 lba 2539 n 3
[scsi 345] op $08 lba 2247 n 1
[scsi 346] op $08 lba 2248 n 1
[scsi 347] op $08 lba 2999 n 1
[scsi 348] op $08 lba 3145 n 1
[scsi 349] op $08 lba 3146 n 11
[scsi 350] op $08 lba 4972 n 1
[scsi 351] op $08 lba 4973 n 2
[scsi 352] op $08 lba 4390 n 1
[scsi 353] op $08 lba 2290 n 1
[scsi 354] op $08 lba 2291 n 18
[scsi 355] op $08 lba 2309 n 1
[scsi 356] op $08 lba 2281 n 1
[scsi 357] op $08 lba 3359 n 1
[scsi 358] op $08 lba 3358 n 1
[scsi 359] op $08 lba 3359 n 1
[scsi 360] op $08 lba 4130 n 1
[scsi 361] op $08 lba 2974 n 1
[scsi 362] op $08 lba 3008 n 1
[scsi 363] op $08 lba 5114 n 1
[scsi 364] op $08 lba 5115 n 5
[scsi 365] op $08 lba 903 n 1
[scsi 366] op $08 lba 758 n 1
[scsi 367] op $08 lba 1334 n 1
[scsi 368] op $08 lba 5119 n 5
[scsi 369] op $08 lba 3001 n 1
[scsi 370] op $08 lba 4034 n 1
[scsi 371] op $08 lba 4035 n 2
[scsi 372] op $08 lba 4037 n 1
[scsi 373] op $08 lba 3361 n 1
[scsi 374] op $08 lba 3362 n 1
[scsi 375] op $08 lba 13528 n 1
[scsi 376] op $08 lba 13580 n 1
[scsi 377] op $08 lba 13581 n 2
[scsi 378] op $08 lba 13529 n 1
[scsi 379] op $08 lba 13530 n 4
[scsi 380] op $08 lba 13271 n 1
[scsi 381] op $08 lba 13275 n 1
[scsi 382] op $08 lba 13276 n 1
[scsi 383] op $08 lba 2533 n 1
[scsi 384] op $08 lba 2534 n 3
[scsi 385] op $08 lba 2531 n 1
[scsi 386] op $08 lba 2532 n 2
[scsi 387] op $08 lba 12745 n 1
[scsi 388] op $08 lba 12826 n 1
[scsi 389] op $08 lba 12827 n 1
[scsi 390] op $08 lba 12745 n 6
[scsi 391] op $08 lba 1337 n 1
[scsi 392] op $08 lba 12751 n 2
[scsi 393] op $08 lba 12753 n 1
[scsi 394] op $08 lba 12754 n 5
[scsi 395] op $08 lba 12759 n 1
[scsi 396] op $08 lba 12760 n 43
[scsi 397] op $08 lba 12823 n 1
[scsi 398] op $08 lba 10346 n 1
[scsi 399] op $08 lba 10609 n 1
[scsi 400] op $08 lba 10610 n 2
[scsi 401] op $08 lba 10347 n 1
[scsi 402] op $08 lba 10613 n 1
[scsi 403] op $08 lba 10849 n 1
[scsi 404] op $08 lba 10850 n 1
[scsi 405] op $08 lba 10613 n 1
[scsi 406] op $08 lba 8634 n 1
[scsi 407] op $08 lba 8918 n 1
[scsi 408] op $08 lba 8919 n 2
[scsi 409] op $08 lba 8634 n 1
[scsi 410] op $08 lba 8635 n 1
[scsi 411] op $08 lba 12712 n 1
[scsi 412] op $08 lba 12743 n 1
[scsi 413] op $08 lba 12713 n 1
[scsi 414] op $08 lba 12716 n 1
[scsi 415] op $08 lba 12717 n 1
[scsi 416] op $08 lba 12722 n 1
[scsi 417] op $08 lba 12733 n 1
[scsi 418] op $08 lba 12741 n 1
[scsi 419] op $08 lba 12802 n 1
[scsi 420] op $08 lba 12806 n 1
[scsi 421] op $08 lba 12816 n 1
[scsi 422] op $08 lba 12820 n 1
[scsi 423] op $08 lba 777 n 1
[scsi 424] op $08 lba 12741 n 1
[scsi 425] op $08 lba 12742 n 1
[scsi 426] op $08 lba 12743 n 1
[scsi 427] op $08 lba 8634 n 1
[scsi 428] op $08 lba 8918 n 1
[scsi 429] op $08 lba 8919 n 2
[scsi 430] op $08 lba 8635 n 1
[scsi 431] op $08 lba 8636 n 2
[scsi 432] op $08 lba 8638 n 1
[scsi 433] op $08 lba 8659 n 1
[scsi 434] op $08 lba 8660 n 1
[scsi 435] op $08 lba 8661 n 7
[scsi 436] op $08 lba 8640 n 1
[scsi 437] op $08 lba 8641 n 1
[scsi 438] op $08 lba 8642 n 1
[scsi 439] op $08 lba 8643 n 2
[scsi 440] op $08 lba 8645 n 1
[scsi 441] op $08 lba 8646 n 1
[scsi 442] op $08 lba 8718 n 1
[scsi 443] op $08 lba 8719 n 1
[scsi 444] op $08 lba 8720 n 2
[scsi 445] op $08 lba 8722 n 1
[scsi 446] op $08 lba 8717 n 1
[scsi 447] op $08 lba 8718 n 1
[scsi 448] op $08 lba 12745 n 1
[scsi 449] op $08 lba 12826 n 1
[scsi 450] op $08 lba 12827 n 1
[scsi 451] op $08 lba 12802 n 1
[scsi 452] op $08 lba 12803 n 1
[scsi 453] op $08 lba 12804 n 3
[scsi 454] op $08 lba 10613 n 1
[scsi 455] op $08 lba 10849 n 1
[scsi 456] op $08 lba 10850 n 1
[scsi 457] op $08 lba 10757 n 1
[scsi 458] op $08 lba 10758 n 1
[scsi 459] op $08 lba 10759 n 1
[scsi 460] op $08 lba 10760 n 1
[scsi 461] op $08 lba 10615 n 1
[scsi 462] op $08 lba 10619 n 1
[scsi 463] op $08 lba 10620 n 2
[scsi 464] op $08 lba 10625 n 1
[scsi 465] op $08 lba 10626 n 1
[scsi 466] op $08 lba 8851 n 1
[scsi 467] op $08 lba 8852 n 1
[scsi 468] op $08 lba 8863 n 1
[scsi 469] op $08 lba 8864 n 1
[scsi 470] op $08 lba 8865 n 1
[scsi 471] op $08 lba 8838 n 1
[scsi 472] op $08 lba 10346 n 1
[scsi 473] op $08 lba 10609 n 1
[scsi 474] op $08 lba 10610 n 2
[scsi 475] op $08 lba 10387 n 1
[scsi 476] op $08 lba 10388 n 1
[scsi 477] op $08 lba 10389 n 1
[scsi 478] op $08 lba 10347 n 1
[scsi 479] op $08 lba 8835 n 1
[scsi 480] op $08 lba 8836 n 1
[scsi 481] op $08 lba 8837 n 1
[scsi 482] op $08 lba 7236 n 1
[scsi 483] op $08 lba 7256 n 1
[scsi 484] op $08 lba 7238 n 1
[scsi 485] op $08 lba 7239 n 1
[scsi 486] op $08 lba 7240 n 1
[scsi 487] op $08 lba 7259 n 1
[scsi 488] op $08 lba 7270 n 1
[scsi 489] op $08 lba 7271 n 1
[scsi 490] op $08 lba 7261 n 1
[scsi 491] op $08 lba 7317 n 1
[scsi 492] op $08 lba 7325 n 1
[scsi 493] op $08 lba 7319 n 1
[scsi 494] op $08 lba 7320 n 1
[scsi 495] op $08 lba 10333 n 1
[scsi 496] op $08 lba 10343 n 1
[scsi 497] op $08 lba 10335 n 1
[scsi 498] op $08 lba 10336 n 1
[scsi 499] op $08 lba 8639 n 1
[scsi 500] op $08 lba 8640 n 1
[scsi 501] op $08 lba 10346 n 1
[scsi 502] op $08 lba 10609 n 1
[scsi 503] op $08 lba 10610 n 2
[scsi 504] op $08 lba 10385 n 1
[scsi 505] op $08 lba 10386 n 1
[scsi 506] op $08 lba 10347 n 1
[scsi 507] op $08 lba 10613 n 1
[scsi 508] op $08 lba 10849 n 1
[scsi 509] op $08 lba 10850 n 1
[scsi 510] op $08 lba 10613 n 1
[scsi 511] op $08 lba 10614 n 1
[scsi 512] op $08 lba 10615 n 1
[scsi 513] op $08 lba 10641 n 1
[scsi 514] op $08 lba 10642 n 1
[scsi 515] op $08 lba 10643 n 22
[scsi 516] op $08 lba 10615 n 1
[scsi 517] op $08 lba 8646 n 1
[scsi 518] op $08 lba 8647 n 1
[scsi 519] op $08 lba 8648 n 2
[scsi 520] op $08 lba 8650 n 1
[scsi 521] op $08 lba 8703 n 1
[scsi 522] op $08 lba 8704 n 1
[scsi 523] op $08 lba 8705 n 5
[scsi 524] op $08 lba 8668 n 1
[scsi 525] op $08 lba 8669 n 1
[scsi 526] op $08 lba 8670 n 33
[scsi 527] op $08 lba 8722 n 3
[scsi 528] op $08 lba 8725 n 3
[scsi 529] op $08 lba 8728 n 77
[scsi 530] op $08 lba 903 n 1
[scsi 531] op $08 lba 904 n 1
[scsi 532] op $08 lba 903 n 1
[scsi 533] op $08 lba 901 n 1
[scsi 534] op $08 lba 898 n 1
[scsi 535] op $08 lba 758 n 1
[scsi 536] op $08 lba 903 n 1
[scsi 537] op $08 lba 1337 n 1
[scsi 538] op $08 lba 2536 n 1
[scsi 539] op $08 lba 2537 n 1
[scsi 540] op $08 lba 3888 n 1
[scsi 541] op $08 lba 3001 n 1
[scsi 542] op $08 lba 1334 n 1
[scsi 543] op $08 lba 2248 n 1
[scsi 544] op $08 lba 2249 n 4
[scsi 545] op $08 lba 3594 n 1
[scsi 546] op $08 lba 3595 n 2
[scsi 547] op $08 lba 3592 n 1
[scsi 548] op $08 lba 3593 n 1
[scsi 549] op $08 lba 3582 n 1
[scsi 550] op $08 lba 3583 n 9
[scsi 551] op $08 lba 1334 n 1
[scsi 552] op $08 lba 10349 n 1
[scsi 553] op $08 lba 10350 n 1
[scsi 554] op $08 lba 10351 n 9
[scsi 555] op $08 lba 10347 n 1
[scsi 556] op $08 lba 10373 n 1
[scsi 557] op $08 lba 10374 n 1
[scsi 558] op $08 lba 10369 n 1
[scsi 559] op $08 lba 10370 n 1
[scsi 560] op $08 lba 10371 n 3
[scsi 561] op $08 lba 10375 n 1
[scsi 562] op $08 lba 10376 n 2
[scsi 563] op $08 lba 10381 n 1
[scsi 564] op $08 lba 10382 n 1
[scsi 565] op $08 lba 10383 n 2
[scsi 566] op $08 lba 10385 n 1
[scsi 567] op $08 lba 10347 n 1
[scsi 568] op $08 lba 10359 n 1
[scsi 569] op $08 lba 10360 n 1
[scsi 570] op $08 lba 10361 n 6
[scsi 571] op $08 lba 10386 n 1
[scsi 572] op $08 lba 10387 n 1
[scsi 573] op $08 lba 10487 n 1
[scsi 574] op $08 lba 10488 n 2
[scsi 575] op $08 lba 10366 n 2
[scsi 576] op $08 lba 10368 n 2
[scsi 577] op $08 lba 903 n 1
[scsi 578] op $08 lba 758 n 1
[scsi 579] op $08 lba 1334 n 1
[scsi 580] op $08 lba 10399 n 1
[scsi 581] op $08 lba 10400 n 2
[scsi 582] op $08 lba 10402 n 28
[scsi 583] op $08 lba 10396 n 1
[scsi 584] op $08 lba 10397 n 1
[scsi 585] op $08 lba 10398 n 1
[scsi 586] op $08 lba 10389 n 1
[scsi 587] op $08 lba 10390 n 1
[scsi 588] op $08 lba 10391 n 1
[scsi 589] op $08 lba 10392 n 5
[scsi 590] op $08 lba 2268 n 1
[scsi 591] op $08 lba 900 n 1
[scsi 592] op $08 lba 785 n 1
[scsi 593] op $08 lba 759 n 1
[scsi 594] op $08 lba 899 n 1
[scsi 595] op $08 lba 898 n 1
[scsi 596] op $08 lba 901 n 1
[scsi 597] op $08 lba 899 n 1
[scsi 598] op $08 lba 900 n 1
[scsi 599] op $08 lba 9362 n 1
[scsi 600] op $08 lba 9369 n 1
[scsi 601] op $08 lba 9367 n 1
[scsi 602] op $08 lba 9368 n 1
[scsi 603] op $08 lba 901 n 1
[scsi 604] op $08 lba 902 n 1
[scsi 605] op $08 lba 911 n 1
[scsi 606] op $08 lba 2966 n 1
[scsi 607] op $08 lba 2967 n 3
[scsi 608] op $08 lba 10451 n 1
[scsi 609] op $08 lba 10452 n 1
[scsi 610] op $08 lba 10453 n 1
[scsi 611] op $08 lba 10454 n 5
[scsi 612] op $08 lba 2531 n 1
[scsi 613] op $08 lba 2530 n 1
[scsi 614] op $08 lba 2531 n 1
[scsi 615] op $08 lba 3009 n 1
[scsi 616] op $08 lba 3001 n 1
[scsi 617] op $08 lba 2527 n 1
[scsi 618] op $08 lba 2528 n 3
[scsi 619] op $08 lba 3002 n 1
[scsi 620] op $08 lba 4974 n 1
[scsi 621] op $08 lba 4975 n 1
[scsi 622] op $08 lba 5114 n 1
[scsi 623] op $08 lba 903 n 1
[scsi 624] op $08 lba 6918 n 1
[scsi 625] op $08 lba 7156 n 1
[scsi 626] op $08 lba 7157 n 6
[scsi 627] op $08 lba 7163 n 1
[scsi 628] op $08 lba 6982 n 1
[scsi 629] op $08 lba 6986 n 1
[scsi 630] op $08 lba 6987 n 1
[scsi 631] op $08 lba 6988 n 1
[scsi 632] op $08 lba 6992 n 1
[scsi 633] op $08 lba 6995 n 1
[scsi 634] op $08 lba 6999 n 1
[scsi 635] op $08 lba 7000 n 1
[scsi 636] op $08 lba 7003 n 1
[scsi 637] op $08 lba 7004 n 1
[scsi 638] op $08 lba 7005 n 1
[scsi 639] op $08 lba 7048 n 1
[scsi 640] op $08 lba 9170 n 1
[scsi 641] op $08 lba 9303 n 1
[scsi 642] op $08 lba 9304 n 2
[scsi 643] op $08 lba 9302 n 1
[scsi 644] op $08 lba 9170 n 1
[scsi 645] op $08 lba 9171 n 22
[scsi 646] op $08 lba 9193 n 1
[scsi 647] op $08 lba 2906 n 1
[scsi 648] op $08 lba 3000 n 1
[scsi 649] op $08 lba 2247 n 1
[scsi 650] op $08 lba 5124 n 1
[scsi 651] op $08 lba 5125 n 14
[scsi 652] op $08 lba 2431 n 1
[scsi 653] op $08 lba 2432 n 1
[scsi 654] op $08 lba 3000 n 1
[scsi 655] op $08 lba 5124 n 15
[scsi 656] op $08 lba 3733 n 1
[scsi 657] op $08 lba 3734 n 14
[scsi 658] op $08 lba 2999 n 1
[scsi 659] op $08 lba 5124 n 15
[scsi 660] op $08 lba 2418 n 1
[scsi 661] op $08 lba 2419 n 3
[scsi 662] op $08 lba 2422 n 1
[scsi 663] op $08 lba 5124 n 15
[scsi 664] op $08 lba 2826 n 1
[scsi 665] op $08 lba 2827 n 12
[scsi 666] op $08 lba 5124 n 15
[scsi 667] op $08 lba 2865 n 1
[scsi 668] op $08 lba 2866 n 14
[scsi 669] op $08 lba 2880 n 1
[scsi 670] op $08 lba 5124 n 15
[scsi 671] op $08 lba 5124 n 15
[scsi 672] op $08 lba 5124 n 15
[scsi 673] op $08 lba 4599 n 1
[scsi 674] op $08 lba 4600 n 2
[scsi 675] op $08 lba 5124 n 15
[scsi 676] op $08 lba 4584 n 1
[scsi 677] op $08 lba 3000 n 1
[scsi 678] op $08 lba 5124 n 15
[scsi 679] op $08 lba 4604 n 1
[scsi 680] op $08 lba 4605 n 3
[scsi 681] op $08 lba 5124 n 15
[scsi 682] op $08 lba 4607 n 3
[scsi 683] op $08 lba 4610 n 1
[scsi 684] op $08 lba 5124 n 15
[scsi 685] op $08 lba 2451 n 1
[scsi 686] op $08 lba 2452 n 2
[scsi 687] op $08 lba 3008 n 1
[scsi 688] op $08 lba 904 n 1
[scsi 689] op $08 lba 903 n 1
[scsi 690] op $08 lba 5124 n 15
[scsi 691] op $08 lba 4610 n 3
[scsi 692] op $08 lba 3000 n 1
[scsi 693] op $08 lba 3001 n 1
[scsi 694] op $08 lba 5124 n 15
[scsi 695] op $08 lba 3747 n 14
[scsi 696] op $08 lba 5124 n 15
[scsi 697] op $08 lba 3900 n 1
[scsi 698] op $08 lba 3901 n 1
[scsi 699] op $08 lba 3902 n 1
[scsi 700] op $08 lba 4599 n 1
[scsi 701] op $08 lba 5124 n 15
[scsi 702] op $08 lba 4449 n 1
[scsi 703] op $08 lba 4450 n 3
[scsi 704] op $08 lba 4453 n 1
[scsi 705] op $08 lba 5124 n 15
[scsi 706] op $08 lba 5124 n 15
[scsi 707] op $08 lba 5124 n 15
[scsi 708] op $08 lba 5124 n 15
[scsi 709] op $08 lba 2309 n 1
[scsi 710] op $08 lba 2310 n 2
[scsi 711] op $08 lba 2312 n 1
[scsi 712] op $12 lba 0 n 5
[scsi 713] op $08 lba 898 n 1
[scsi 714] op $08 lba 7688 n 1
[scsi 715] op $08 lba 7991 n 1
[scsi 716] op $08 lba 7992 n 6
[scsi 717] op $08 lba 7944 n 1
[scsi 718] op $08 lba 7796 n 1
[scsi 719] op $08 lba 7797 n 21
[scsi 720] op $08 lba 7818 n 1
[scsi 721] op $08 lba 7991 n 1
[scsi 722] op $08 lba 7906 n 1
[scsi 723] op $08 lba 7943 n 1
[scsi 724] op $08 lba 7795 n 1
[scsi 725] op $08 lba 7944 n 48
[scsi 726] op $08 lba 7904 n 1
[scsi 727] op $08 lba 7905 n 1
[scsi 728] op $08 lba 7906 n 1
[scsi 729] op $08 lba 7903 n 1
[scsi 730] op $08 lba 3359 n 1
[scsi 731] op $08 lba 7820 n 1
[scsi 732] op $08 lba 4335 n 1
[scsi 733] op $08 lba 4336 n 1
[scsi 734] op $08 lba 7820 n 1
[scsi 735] op $08 lba 3705 n 1
[scsi 736] op $08 lba 3706 n 1
[scsi 737] op $08 lba 7819 n 1
[scsi 738] op $08 lba 4719 n 1
[scsi 739] op $08 lba 4720 n 2
[scsi 740] op $08 lba 7914 n 1
[scsi 741] op $08 lba 7915 n 1
[scsi 742] op $08 lba 2997 n 1
[scsi 743] op $08 lba 2998 n 2
[scsi 744] op $08 lba 7915 n 1
[scsi 745] op $08 lba 4722 n 4
[scsi 746] op $08 lba 7911 n 1
[scsi 747] op $08 lba 2541 n 1
[scsi 748] op $08 lba 2542 n 2
[scsi 749] op $08 lba 7907 n 1
[scsi 750] op $08 lba 3708 n 1
[scsi 751] op $08 lba 2974 n 1
[scsi 752] op $08 lba 7314 n 1
[scsi 753] op $08 lba 7315 n 1
[scsi 754] op $08 lba 8377 n 1
[scsi 755] op $08 lba 8629 n 1
[scsi 756] op $08 lba 8630 n 3
[scsi 757] op $08 lba 8503 n 1
[scsi 758] op $08 lba 8618 n 1
[scsi 759] op $08 lba 8619 n 10
[scsi 760] op $08 lba 4056 n 1
[scsi 761] op $08 lba 4057 n 11
[scsi 762] op $08 lba 8564 n 1
[scsi 763] op $08 lba 8565 n 1
[scsi 764] op $08 lba 8378 n 1
[scsi 765] op $08 lba 8379 n 1
[scsi 766] op $08 lba 14077 n 1
[scsi 767] op $08 lba 14078 n 39
[scsi 768] op $08 lba 14117 n 1
[scsi 769] op $08 lba 8609 n 1
[scsi 770] op $08 lba 8610 n 1
[scsi 771] op $08 lba 8612 n 1
[scsi 772] op $08 lba 8939 n 1
[scsi 773] op $08 lba 9165 n 1
[scsi 774] op $08 lba 9166 n 2
[scsi 775] op $08 lba 8944 n 1
[scsi 776] op $08 lba 9164 n 1
[scsi 777] op $08 lba 9165 n 1
[scsi 778] op $08 lba 8943 n 1
[scsi 779] op $08 lba 8944 n 1
[scsi 780] op $08 lba 8963 n 1
[scsi 781] op $08 lba 8945 n 1
[scsi 782] op $08 lba 8946 n 15
[scsi 783] op $08 lba 8961 n 1
[scsi 784] op $08 lba 8976 n 1
[scsi 785] op $08 lba 8977 n 1
[scsi 786] op $08 lba 8972 n 1
[scsi 787] op $08 lba 8977 n 2
[scsi 788] op $08 lba 8979 n 1
[scsi 789] op $08 lba 8971 n 1
[scsi 790] op $08 lba 777 n 1
[scsi 791] op $08 lba 8969 n 1
[scsi 792] op $08 lba 8970 n 1
[scsi 793] op $08 lba 9163 n 1
[scsi 794] op $08 lba 9170 n 1
[scsi 795] op $08 lba 9303 n 1
[scsi 796] op $08 lba 9304 n 2
[scsi 797] op $08 lba 9302 n 1
[scsi 798] op $08 lba 9214 n 1
[scsi 799] op $08 lba 9215 n 8
[scsi 800] op $08 lba 9223 n 1
[scsi 801] op $08 lba 9193 n 1
[scsi 802] op $08 lba 9194 n 4
[scsi 803] op $08 lba 9198 n 1
[scsi 804] op $08 lba 9244 n 1
[scsi 805] op $08 lba 9245 n 22
[scsi 806] op $08 lba 9198 n 17
[scsi 807] op $08 lba 9300 n 1
[scsi 808] op $08 lba 9244 n 1
[scsi 809] op $08 lba 9243 n 1
[scsi 810] op $08 lba 3687 n 1
[scsi 811] op $08 lba 9295 n 1
[scsi 812] op $08 lba 9302 n 1
[scsi 813] op $08 lba 1331 n 1
[scsi 814] op $08 lba 9227 n 1
[scsi 815] op $08 lba 9228 n 16
[scsi 816] op $08 lba 9223 n 4
[scsi 817] op $08 lba 9303 n 1
[scsi 818] op $08 lba 9358 n 1
[scsi 819] op $08 lba 9360 n 1
[scsi 820] op $08 lba 9362 n 1
[scsi 821] op $08 lba 9369 n 1
[scsi 822] op $08 lba 9371 n 1
[scsi 823] op $08 lba 9373 n 1
[scsi 824] op $08 lba 11516 n 1
[scsi 825] op $08 lba 11518 n 1
[scsi 826] op $08 lba 11552 n 1
[scsi 827] op $08 lba 11553 n 1
[scsi 828] op $08 lba 11702 n 1
[scsi 829] op $08 lba 12258 n 1
[scsi 830] op $08 lba 12259 n 4
[scsi 831] op $08 lba 12255 n 1
[scsi 832] op $08 lba 12220 n 1
[scsi 833] op $08 lba 12221 n 1
[scsi 834] op $08 lba 12222 n 1
[scsi 835] op $08 lba 12108 n 1
[scsi 836] op $08 lba 11844 n 1
[scsi 837] op $08 lba 11845 n 1
[scsi 838] op $08 lba 11555 n 1
[scsi 839] op $08 lba 11556 n 1
[scsi 840] op $08 lba 12230 n 1
[scsi 841] op $08 lba 11704 n 1
[scsi 842] op $08 lba 11705 n 1
[scsi 843] op $08 lba 11723 n 1
[scsi 844] op $08 lba 11737 n 1
[scsi 845] op $08 lba 11747 n 1
[scsi 846] op $08 lba 11772 n 1
[scsi 847] op $08 lba 11786 n 1
[scsi 848] op $08 lba 11799 n 1
[scsi 849] op $08 lba 11818 n 1
[scsi 850] op $08 lba 11837 n 1
[scsi 851] op $08 lba 11838 n 1
[scsi 852] op $08 lba 11842 n 1
[scsi 853] op $08 lba 11846 n 1
[scsi 854] op $08 lba 11851 n 1
[scsi 855] op $08 lba 11869 n 1
[scsi 856] op $08 lba 11875 n 1
[scsi 857] op $08 lba 11888 n 1
[scsi 858] op $08 lba 11897 n 1
[scsi 859] op $08 lba 11911 n 1
[scsi 860] op $08 lba 11912 n 1
[scsi 861] op $08 lba 11915 n 1
[scsi 862] op $08 lba 11922 n 1
[scsi 863] op $08 lba 11924 n 1
[scsi 864] op $08 lba 11925 n 1
[scsi 865] op $08 lba 11934 n 1
[scsi 866] op $08 lba 11936 n 1
[scsi 867] op $08 lba 11937 n 1
[scsi 868] op $08 lba 11938 n 1
[scsi 869] op $08 lba 11992 n 1
[scsi 870] op $08 lba 11993 n 1
[scsi 871] op $08 lba 12001 n 1
[scsi 872] op $08 lba 12004 n 1
[scsi 873] op $08 lba 12046 n 1
[scsi 874] op $08 lba 12053 n 1
[scsi 875] op $08 lba 12154 n 1
[scsi 876] op $08 lba 12224 n 1
[scsi 877] op $08 lba 2247 n 1
[scsi 878] op $08 lba 5124 n 1
[scsi 879] op $08 lba 5125 n 14
[scsi 880] op $08 lba 3000 n 1
[scsi 881] op $08 lba 12231 n 1
[scsi 882] op $08 lba 12233 n 1
[scsi 883] op $08 lba 12235 n 1
[scsi 884] op $08 lba 12236 n 1
[scsi 885] op $08 lba 12240 n 1
[scsi 886] op $08 lba 12242 n 1
[scsi 887] op $08 lba 12245 n 1
[scsi 888] op $08 lba 12246 n 1
[scsi 889] op $08 lba 12248 n 1
[scsi 890] op $08 lba 12249 n 1
[scsi 891] op $08 lba 12251 n 1
[scsi 892] op $08 lba 12252 n 1
[scsi 893] op $08 lba 12253 n 1
[scsi 894] op $08 lba 11996 n 1
[scsi 895] op $08 lba 11993 n 3
[scsi 896] op $08 lba 11707 n 1
[scsi 897] op $08 lba 11708 n 12
[scsi 898] op $08 lba 11720 n 1
[scsi 899] op $08 lba 11722 n 1
[scsi 900] op $08 lba 11720 n 1
[scsi 901] op $08 lba 11721 n 2
[scsi 902] op $08 lba 11996 n 1
[scsi 903] op $08 lba 12222 n 1
[scsi 904] op $08 lba 12223 n 2
[scsi 905] op $08 lba 12053 n 1
[scsi 906] op $08 lba 12256 n 1
[scsi 907] op $08 lba 12255 n 1
[scsi 908] op $08 lba 12222 n 1
[scsi 909] op $08 lba 12257 n 1
[scsi 910] op $08 lba 12348 n 1
[scsi 911] op $08 lba 12706 n 1
[scsi 912] op $08 lba 12707 n 1
[scsi 913] op $08 lba 12349 n 1
[scsi 914] op $08 lba 12745 n 1
[scsi 915] op $08 lba 12826 n 1
[scsi 916] op $08 lba 12827 n 1
[scsi 917] op $08 lba 12829 n 1
[scsi 918] op $08 lba 12932 n 1
[scsi 919] op $08 lba 12933 n 1
[scsi 920] op $08 lba 13528 n 1
[scsi 921] op $08 lba 13580 n 1
[scsi 922] op $08 lba 13581 n 2
[scsi 923] op $08 lba 13271 n 1
[scsi 924] op $08 lba 13275 n 1
[scsi 925] op $08 lba 13276 n 1
[scsi 926] op $08 lba 6918 n 1
[scsi 927] op $08 lba 7156 n 1
[scsi 928] op $08 lba 7157 n 6
[scsi 929] op $08 lba 7163 n 1
[scsi 930] op $08 lba 3092 n 1
[scsi 931] op $08 lba 3093 n 1
[scsi 932] op $08 lba 3340 n 1
[scsi 933] op $08 lba 4684 n 1
[scsi 934] op $08 lba 4685 n 32
[scsi 935] op $08 lba 3187 n 1
[scsi 936] op $08 lba 3720 n 1
[scsi 937] op $08 lba 3721 n 9
[scsi 938] op $08 lba 3730 n 1
[scsi 939] op $08 lba 7907 n 1
[scsi 940] op $08 lba 7908 n 3
[scsi 941] op $08 lba 7911 n 1
[scsi 942] op $08 lba 3004 n 1
[scsi 943] op $08 lba 2999 n 1
[scsi 944] op $08 lba 4017 n 1
[scsi 945] op $08 lba 4018 n 9
[scsi 946] op $08 lba 3215 n 1
[scsi 947] op $08 lba 7911 n 1
[scsi 948] op $08 lba 7912 n 3
[scsi 949] op $08 lba 3366 n 1
[scsi 950] op $08 lba 3365 n 1
[scsi 951] op $08 lba 3364 n 1
[scsi 952] op $08 lba 3005 n 1
[scsi 953] op $08 lba 3358 n 1
[scsi 954] op $08 lba 3359 n 1
[scsi 955] op $08 lba 3005 n 1
[scsi 956] op $08 lba 3004 n 1
[scsi 957] op $08 lba 7082 n 1
[scsi 958] op $08 lba 7156 n 1
[scsi 959] op $08 lba 6982 n 1
[scsi 960] op $08 lba 6986 n 1
[scsi 961] op $08 lba 6987 n 1
[scsi 962] op $08 lba 6988 n 1
[scsi 963] op $08 lba 6992 n 1
[scsi 964] op $08 lba 6995 n 1
[scsi 965] op $08 lba 6999 n 1
[scsi 966] op $08 lba 7000 n 1
[scsi 967] op $08 lba 7003 n 1
[scsi 968] op $08 lba 7004 n 1
[scsi 969] op $08 lba 7005 n 1
[scsi 970] op $08 lba 7048 n 1
[scsi 971] op $08 lba 7154 n 1
[scsi 972] op $08 lba 7155 n 1
[scsi 973] op $08 lba 7944 n 1
[scsi 974] op $08 lba 3558 n 1
[scsi 975] op $08 lba 3707 n 1
[scsi 976] op $08 lba 6915 n 1
[scsi 977] op $08 lba 6916 n 1
[scsi 978] op $08 lba 1996 n 1
[scsi 979] op $08 lba 1997 n 106
[scsi 980] op $08 lba 2141 n 1
[scsi 981] op $08 lba 2142 n 20
[scsi 982] op $08 lba 2162 n 1
[scsi 983] op $28 lba 5143 n 836
[scsi 984] op $08 lba 2165 n 1
[scsi 985] op $08 lba 2166 n 2
[scsi 986] op $08 lba 7641 n 1
[scsi 987] op $08 lba 7642 n 6
[scsi 988] op $08 lba 7684 n 1
[scsi 989] op $08 lba 7685 n 1
[scsi 990] op $08 lba 2119 n 1
[scsi 991] op $08 lba 2120 n 7
[scsi 992] op $08 lba 2127 n 15
[scsi 993] op $08 lba 2108 n 1
[scsi 994] op $08 lba 2109 n 10
[scsi 995] op $08 lba 2231 n 1
[scsi 996] op $08 lba 2232 n 4
[scsi 997] op $08 lba 2236 n 1
[scsi 998] op $08 lba 2229 n 1
[scsi 999] op $08 lba 2230 n 2
[scsi 1000] op $08 lba 2241 n 1
[scsi 1001] op $08 lba 2242 n 3
[scsi 1002] op $08 lba 2245 n 1
[scsi 1003] op $08 lba 8375 n 1
[scsi 1004] op $08 lba 8376 n 1
[scsi 1005] op $08 lba 1826 n 1
[scsi 1006] op $08 lba 1827 n 1
[scsi 1007] op $08 lba 1828 n 1
[scsi 1008] op $08 lba 2247 n 1
[scsi 1009] op $08 lba 5124 n 1
[scsi 1010] op $08 lba 5125 n 14
[scsi 1011] op $08 lba 2273 n 1
[scsi 1012] op $08 lba 2274 n 6
[scsi 1013] op $08 lba 2280 n 1
[scsi 1014] op $08 lba 14078 n 39
[scsi 1015] op $08 lba 14117 n 1
[scsi 1016] op $08 lba 6942 n 1
[scsi 1017] op $08 lba 6943 n 2
[scsi 1018] op $08 lba 6945 n 1
[scsi 1019] op $08 lba 6924 n 1
[scsi 1020] op $08 lba 6946 n 1
[scsi 1021] op $08 lba 7002 n 1
[scsi 1022] op $08 lba 6936 n 1
[scsi 1023] op $08 lba 7002 n 1
[scsi 1024] op $08 lba 4034 n 1
[scsi 1025] op $08 lba 4035 n 2
[scsi 1026] op $08 lba 4037 n 1
[scsi 1027] op $08 lba 3363 n 1
[scsi 1028] op $08 lba 3361 n 1
[scsi 1029] op $08 lba 3362 n 1
[scsi 1030] op $08 lba 3132 n 1
[scsi 1031] op $08 lba 7083 n 1
[scsi 1032] op $08 lba 15674 n 1
[scsi 1033] op $08 lba 15660 n 1
[scsi 1034] op $08 lba 15661 n 1
[scsi 1035] op $08 lba 3215 n 1
[scsi 1036] op $08 lba 7005 n 1
[scsi 1037] op $08 lba 7006 n 1
[scsi 1038] op $08 lba 4017 n 10
[scsi 1039] op $08 lba 7906 n 1
[scsi 1040] op $08 lba 8000 n 1
[scsi 1041] op $08 lba 8003 n 1
[scsi 1042] op $08 lba 9375 n 1
[scsi 1043] op $08 lba 10106 n 1
[scsi 1044] op $08 lba 10328 n 1
[scsi 1045] op $08 lba 10329 n 3
[scsi 1046] op $08 lba 10273 n 1
[scsi 1047] op $08 lba 10850 n 1
[scsi 1048] op $08 lba 10967 n 1
[scsi 1049] op $08 lba 11029 n 1
[scsi 1050] op $08 lba 11030 n 1
[scsi 1051] op $08 lba 11031 n 1
[scsi 1052] op $08 lba 7015 n 1
[scsi 1053] op $08 lba 7017 n 1
[scsi 1054] op $08 lba 7006 n 1
[scsi 1055] op $08 lba 7015 n 1
[scsi 1056] op $08 lba 931 n 1
[scsi 1057] op $08 lba 785 n 1
[scsi 1058] op $08 lba 756 n 1
[scsi 1059] op $08 lba 923 n 1
[scsi 1060] op $08 lba 921 n 1
[scsi 1061] op $08 lba 7690 n 1
[scsi 1062] op $08 lba 7712 n 1
[scsi 1063] op $08 lba 3366 n 1
[scsi 1064] op $08 lba 3363 n 1
[scsi 1065] op $08 lba 3364 n 1
[scsi 1066] op $08 lba 7034 n 1
[scsi 1067] op $00 lba 0 n 0
[scsi 1068] op $00 lba 0 n 0
[scsi 1069] op $1E lba 0 n 1
[scsi 1070] op $28 lba 913 n 1
[scsi 1071] op $28 lba 6940 n 1
[scsi 1072] op $28 lba 3009 n 1
[scsi 1073] op $28 lba 757 n 1
[scsi 1074] op $28 lba 6927 n 1
[scsi 1075] op $28 lba 6928 n 1
[scsi 1076] op $28 lba 6929 n 1
[scsi 1077] op $28 lba 184663 n 1
[scsi 1078] op $28 lba 7084 n 1
[scsi 1079] op $28 lba 6976 n 1
[scsi 1080] op $28 lba 6937 n 1
[scsi 1081] op $28 lba 6938 n 1
[scsi 1082] op $28 lba 6939 n 1
[scsi 1083] op $28 lba 7699 n 1
[scsi 1084] op $28 lba 7753 n 1
[scsi 1085] op $28 lba 241 n 1
[scsi 1086] op $28 lba 98 n 1
[scsi 1087] op $28 lba 98 n 1
[scsi 1088] op $28 lba 98 n 1
[scsi 1089] op $28 lba 115 n 1
[scsi 1090] op $28 lba 179 n 1
[scsi 1091] op $28 lba 98 n 1
[scsi 1092] op $2A lba 98 n 1
[scsi 1093] op $28 lba 11556 n 1
[scsi 1094] op $28 lba 11690 n 1
[scsi 1095] op $28 lba 11691 n 1
[scsi 1096] op $28 lba 11700 n 1
[scsi 1097] op $28 lba 11701 n 1
[scsi 1098] op $28 lba 11555 n 1
[scsi 1099] op $28 lba 11605 n 1
[scsi 1100] op $28 lba 11606 n 1
[scsi 1101] op $28 lba 11702 n 1
[scsi 1102] op $28 lba 12258 n 1
[scsi 1103] op $28 lba 12259 n 4
[scsi 1104] op $28 lba 11619 n 1
[scsi 1105] op $28 lba 12257 n 1
[scsi 1106] op $28 lba 11691 n 1
[scsi 1107] op $28 lba 11692 n 4
[scsi 1108] op $28 lba 11696 n 1
[scsi 1109] op $28 lba 96 n 1
[scsi 1110] op $28 lba 180 n 1
[scsi 1111] op $28 lba 99 n 1
[scsi 1112] op $2A lba 691 n 1
[scsi 1113] op $28 lba 756 n 1
[scsi 1114] op $28 lba 7000 n 1
[scsi 1115] op $28 lba 890 n 1
[scsi 1116] op $28 lba 894 n 1
[scsi 1117] op $28 lba 757 n 1
[scsi 1118] op $28 lba 7693 n 1
[scsi 1119] op $28 lba 7729 n 1
[scsi 1120] op $28 lba 7692 n 1
[scsi 1121] op $28 lba 7694 n 1
[scsi 1122] op $28 lba 7734 n 1
[scsi 1123] op $28 lba 7735 n 1
[scsi 1124] op $28 lba 7925 n 1
[scsi 1125] op $28 lba 7926 n 6
[scsi 1126] op $28 lba 7932 n 1
[scsi 1127] op $28 lba 7834 n 1
[scsi 1128] op $28 lba 7835 n 1
[scsi 1129] op $28 lba 7878 n 1
[scsi 1130] op $28 lba 7879 n 6
[scsi 1131] op $2A lba 99 n 1
[scsi 1132] op $2A lba 179 n 2
[scsi 1133] op $28 lba 7689 n 1
[scsi 1134] op $28 lba 7706 n 1
[scsi 1135] op $28 lba 7707 n 1
[scsi 1136] op $28 lba 6935 n 1
[scsi 1137] op $28 lba 6936 n 1
[scsi 1138] op $28 lba 120086 n 1
[scsi 1139] op $28 lba 120089 n 1
[scsi 1140] op $28 lba 120086 n 1
[scsi 1141] op $28 lba 120087 n 1
[scsi 1142] op $28 lba 184667 n 1
[scsi 1143] op $28 lba 184666 n 1
[scsi 1144] op $28 lba 184638 n 1
[scsi 1145] op $28 lba 184639 n 1
[scsi 1146] op $28 lba 7692 n 1
[scsi 1147] op $28 lba 7693 n 1
[scsi 1148] op $28 lba 7727 n 1
[scsi 1149] op $28 lba 7728 n 1
[scsi 1150] op $28 lba 184669 n 1
[scsi 1151] op $28 lba 184743 n 1
[scsi 1152] op $28 lba 184706 n 1
[scsi 1153] op $28 lba 184707 n 1
[scsi 1154] op $28 lba 7700 n 1
[scsi 1155] op $28 lba 7756 n 1
[scsi 1156] op $28 lba 7702 n 1
[scsi 1157] op $28 lba 7765 n 1
[scsi 1158] op $28 lba 7766 n 1
[scsi 1159] op $28 lba 3215 n 1
[scsi 1160] op $28 lba 6939 n 1
[scsi 1161] op $28 lba 184751 n 1
[scsi 1162] op $28 lba 184756 n 1
[scsi 1163] op $28 lba 184757 n 1
[scsi 1164] op $28 lba 7688 n 1
[scsi 1165] op $28 lba 7705 n 1
[scsi 1166] op $28 lba 184743 n 1
[scsi 1167] op $28 lba 184673 n 1
[scsi 1168] op $28 lba 184768 n 1
[scsi 1169] op $28 lba 184769 n 1
[scsi 1170] op $28 lba 180 n 1
[scsi 1171] op $28 lba 98 n 1
[scsi 1172] op $2A lba 98 n 1
[scsi 1173] op $2A lba 180 n 1
[scsi 1174] op $28 lba 6927 n 1
[scsi 1175] op $28 lba 6983 n 1
[scsi 1176] op $28 lba 7223 n 1
[scsi 1177] op $28 lba 816 n 1
[scsi 1178] op $28 lba 828 n 1
[scsi 1179] op $28 lba 821 n 1
[scsi 1180] op $28 lba 22602 n 1
[scsi 1181] op $28 lba 22635 n 1
[scsi 1182] op $28 lba 22636 n 1
[scsi 1183] op $28 lba 22604 n 1
[scsi 1184] op $28 lba 22608 n 1
[scsi 1185] op $28 lba 22609 n 3
[scsi 1186] op $28 lba 22612 n 1
[scsi 1187] op $28 lba 22615 n 1
[scsi 1188] op $28 lba 22616 n 6
[scsi 1189] op $28 lba 22603 n 1
[scsi 1190] op $28 lba 3730 n 1
[scsi 1191] op $28 lba 22621 n 1
[scsi 1192] op $28 lba 3187 n 1
[scsi 1193] op $28 lba 22622 n 14
[scsi 1194] op $28 lba 144711 n 1
[scsi 1195] op $28 lba 144796 n 1
[scsi 1196] op $28 lba 144797 n 1
[scsi 1197] op $28 lba 144712 n 1
[scsi 1198] op $28 lba 144711 n 1
[scsi 1199] op $28 lba 22604 n 1
[scsi 1200] op $28 lba 22603 n 1
[scsi 1201] op $28 lba 7918 n 1
[scsi 1202] op $28 lba 7919 n 7
[scsi 1203] op $28 lba 14077 n 1
[scsi 1204] op $28 lba 14078 n 39
[scsi 1205] op $28 lba 14117 n 1
[scsi 1206] op $28 lba 144714 n 1
[scsi 1207] op $28 lba 144715 n 14
[scsi 1208] op $28 lba 22602 n 1
[scsi 1209] op $28 lba 22604 n 1
[scsi 1210] op $28 lba 22603 n 1
[scsi 1211] op $28 lba 22615 n 1
[scsi 1212] op $28 lba 22605 n 1
[scsi 1213] op $28 lba 22606 n 1
[scsi 1214] op $28 lba 22607 n 1
[scsi 1215] op $28 lba 22608 n 1
[scsi 1216] op $28 lba 22615 n 1
[scsi 1217] op $28 lba 22614 n 1
[scsi 1218] op $28 lba 821 n 1
[scsi 1219] op $28 lba 890 n 1
[scsi 1220] op $28 lba 7690 n 1
[scsi 1221] op $28 lba 7712 n 1
[scsi 1222] op $28 lba 22614 n 1
[scsi 1223] op $28 lba 785 n 1
[scsi 1224] op $28 lba 844 n 1
[scsi 1225] op $28 lba 823 n 1
[scsi 1226] op $28 lba 822 n 1
[scsi 1227] op $28 lba 907 n 1
[scsi 1228] op $28 lba 892 n 1
[scsi 1229] op $28 lba 890 n 1
[scsi 1230] op $28 lba 48661 n 1
[scsi 1231] op $28 lba 144792 n 1
[scsi 1232] op $28 lba 7828 n 1
[scsi 1233] op $28 lba 7829 n 5
[scsi 1234] op $28 lba 7834 n 1
[scsi 1235] op $28 lba 15660 n 1
[scsi 1236] op $28 lba 15661 n 1
[scsi 1237] op $28 lba 891 n 1
[scsi 1238] op $28 lba 50845 n 1
[scsi 1239] op $28 lba 50848 n 1
[scsi 1240] op $28 lba 50847 n 1
[scsi 1241] op $28 lba 144715 n 14
[scsi 1242] op $28 lba 184673 n 1
[scsi 1243] op $28 lba 184667 n 1
[scsi 1244] op $28 lba 184669 n 1
[scsi 1245] op $28 lba 184743 n 1
[scsi 1246] op $28 lba 184706 n 1
[scsi 1247] op $28 lba 184707 n 1
[scsi 1248] op $28 lba 921 n 1
[scsi 1249] op $28 lba 931 n 1
[scsi 1250] op $28 lba 785 n 1
[scsi 1251] op $28 lba 911 n 1
[scsi 1252] op $28 lba 756 n 1
[scsi 1253] op $28 lba 913 n 1
[scsi 1254] op $28 lba 756 n 1
[scsi 1255] op $28 lba 894 n 1
[scsi 1256] op $28 lba 757 n 1
[scsi 1257] op $28 lba 901 n 1
[scsi 1258] op $28 lba 898 n 1
[scsi 1259] op $28 lba 899 n 1
[scsi 1260] op $28 lba 901 n 1
[scsi 1261] op $28 lba 759 n 1
[scsi 1262] op $28 lba 899 n 1
[scsi 1263] op $28 lba 777 n 1
[scsi 1264] op $28 lba 50847 n 1
[scsi 1265] op $28 lba 50845 n 2
[scsi 1266] op $28 lba 144729 n 1
[scsi 1267] op $28 lba 3730 n 1
[scsi 1268] op $28 lba 15703 n 1
[scsi 1269] op $28 lba 144730 n 1
[scsi 1270] op $28 lba 144731 n 48
[scsi 1271] op $28 lba 14077 n 1
[scsi 1272] op $28 lba 14078 n 39
[scsi 1273] op $28 lba 14117 n 1
[scsi 1274] op $28 lba 144729 n 2
[scsi 1275] op $28 lba 15631 n 1
[scsi 1276] op $28 lba 15632 n 26
[scsi 1277] op $28 lba 15658 n 1
[scsi 1278] op $28 lba 14078 n 39
[scsi 1279] op $28 lba 50851 n 1
[scsi 1280] op $28 lba 50859 n 1
[scsi 1281] op $28 lba 50855 n 1
[scsi 1282] op $28 lba 50856 n 4
[scsi 1283] op $28 lba 50851 n 1
[scsi 1284] op $28 lba 7868 n 1
[scsi 1285] op $28 lba 7869 n 5
[scsi 1286] op $28 lba 4017 n 1
[scsi 1287] op $28 lba 4018 n 9
[scsi 1288] op $28 lba 50852 n 1
[scsi 1289] op $28 lba 50853 n 2
[scsi 1290] op $28 lba 50855 n 1
[scsi 1291] op $28 lba 144786 n 1
[scsi 1292] op $28 lba 144787 n 1
[scsi 1293] op $28 lba 15557 n 1
[scsi 1294] op $28 lba 15558 n 4
[scsi 1295] op $28 lba 15547 n 1
[scsi 1296] op $28 lba 15548 n 1
[scsi 1297] op $28 lba 15545 n 1
[scsi 1298] op $28 lba 15546 n 1
[scsi 1299] op $28 lba 15161 n 1
[scsi 1300] op $28 lba 15162 n 2
[scsi 1301] op $28 lba 15152 n 1
[scsi 1302] op $28 lba 15153 n 2
[scsi 1303] op $28 lba 15631 n 1
[scsi 1304] op $28 lba 15632 n 26
[scsi 1305] op $28 lba 15658 n 1
[scsi 1306] op $28 lba 180 n 1
[scsi 1307] op $28 lba 821 n 1
[scsi 1308] op $28 lba 911 n 1
[scsi 1309] op $28 lba 785 n 1
[scsi 1310] op $28 lba 931 n 1
[scsi 1311] op $28 lba 785 n 1
[scsi 1312] op $28 lba 890 n 1
[scsi 1313] op $28 lba 4017 n 10
[scsi 1314] op $28 lba 901 n 1
[scsi 1315] op $28 lba 759 n 1
[scsi 1316] op $28 lba 899 n 1
[scsi 1317] op $28 lba 901 n 1
[scsi 1318] op $28 lba 777 n 1
[scsi 1319] op $28 lba 822 n 1
[scsi 1320] op $28 lba 891 n 1
[scsi 1321] op $28 lba 907 n 1
[scsi 1322] op $28 lba 889 n 1
[scsi 1323] op $28 lba 890 n 1
[scsi 1324] op $28 lba 48677 n 1
[scsi 1325] op $28 lba 48678 n 1
[scsi 1326] op $28 lba 48677 n 1
[scsi 1327] op $28 lba 48678 n 1
[scsi 1328] op $28 lba 15660 n 1
[scsi 1329] op $28 lba 15661 n 1
[scsi 1330] op $28 lba 890 n 1
[scsi 1331] op $28 lba 48664 n 1
[scsi 1332] op $28 lba 48667 n 1
[scsi 1333] op $28 lba 48666 n 1
[scsi 1334] op $28 lba 48667 n 1
[scsi 1335] op $28 lba 48664 n 2
[scsi 1336] op $28 lba 48666 n 1
[scsi 1337] op $28 lba 144779 n 1
[scsi 1338] op $28 lba 144780 n 6
[scsi 1339] op $28 lba 144786 n 1
[scsi 1340] op $28 lba 15023 n 1
[scsi 1341] op $28 lba 15024 n 31
[scsi 1342] op $28 lba 15157 n 1
[scsi 1343] op $28 lba 15158 n 4
[scsi 1344] op $28 lba 15551 n 1
[scsi 1345] op $28 lba 15552 n 2
[scsi 1346] op $28 lba 15148 n 1
[scsi 1347] op $28 lba 15149 n 1
[scsi 1348] op $28 lba 15548 n 2
[scsi 1349] op $28 lba 15629 n 1
[scsi 1350] op $28 lba 15630 n 1
[scsi 1351] op $28 lba 15620 n 1
[scsi 1352] op $28 lba 15621 n 1
[scsi 1353] op $28 lba 4324 n 1
[scsi 1354] op $28 lba 14077 n 1
[scsi 1355] op $28 lba 14078 n 39
[scsi 1356] op $28 lba 14117 n 1
[scsi 1357] op $28 lba 15023 n 32
[scsi 1358] op $28 lba 892 n 1
[scsi 1359] op $28 lba 890 n 1
[scsi 1360] op $28 lba 50806 n 1
[scsi 1361] op $28 lba 50810 n 1
[scsi 1362] op $28 lba 50808 n 1
[scsi 1363] op $28 lba 50809 n 2
[scsi 1364] op $28 lba 50806 n 1
[scsi 1365] op $28 lba 4017 n 1
[scsi 1366] op $28 lba 4018 n 9
[scsi 1367] op $28 lba 50806 n 3
[scsi 1368] op $28 lba 144788 n 1
[scsi 1369] op $28 lba 144789 n 4
[scsi 1370] op $28 lba 15151 n 1
[scsi 1371] op $28 lba 15152 n 1
[scsi 1372] op $28 lba 7903 n 1
[scsi 1373] op $28 lba 48852 n 1
[scsi 1374] op $28 lba 48871 n 1
[scsi 1375] op $28 lba 48872 n 1
[scsi 1376] op $28 lba 48857 n 1
[scsi 1377] op $28 lba 48858 n 14
[scsi 1378] op $28 lba 144793 n 1
[scsi 1379] op $28 lba 48854 n 1
[scsi 1380] op $28 lba 144794 n 1
[scsi 1381] op $28 lba 144795 n 1
[scsi 1382] op $28 lba 144796 n 1
[scsi 1383] op $28 lba 48855 n 1
[scsi 1384] op $28 lba 48856 n 2
[scsi 1385] op $28 lba 48855 n 1
[scsi 1386] op $28 lba 48857 n 1
[scsi 1387] op $28 lba 144793 n 1
[scsi 1388] op $28 lba 48853 n 1
[scsi 1389] op $28 lba 48854 n 1
[scsi 1390] op $28 lba 144793 n 1
[scsi 1391] op $28 lba 21253 n 1
[scsi 1392] op $28 lba 21319 n 1
[scsi 1393] op $28 lba 21254 n 1
[scsi 1394] op $28 lba 21255 n 3
[scsi 1395] op $28 lba 7944 n 1
[scsi 1396] op $28 lba 3558 n 1
[scsi 1397] op $28 lba 889 n 1
[scsi 1398] op $28 lba 21258 n 1
[scsi 1399] op $28 lba 3187 n 1
[scsi 1400] op $28 lba 4034 n 1
[scsi 1401] op $28 lba 4035 n 2
[scsi 1402] op $28 lba 4037 n 1
[scsi 1403] op $28 lba 3361 n 1
[scsi 1404] op $28 lba 3362 n 1
[scsi 1405] op $28 lba 21258 n 62
[scsi 1406] op $28 lba 11556 n 1
[scsi 1407] op $28 lba 11690 n 1
[scsi 1408] op $28 lba 11691 n 1
[scsi 1409] op $28 lba 98 n 1
[scsi 1410] op $2A lba 98 n 1
[scsi 1411] op $28 lba 15660 n 1
[scsi 1412] op $28 lba 15661 n 1
[scsi 1413] op $28 lba 512094 n 1
[scsi 1414] op $28 lba 115 n 1
[scsi 1415] op $28 lba 179 n 1
[scsi 1416] op $28 lba 180 n 1
[scsi 1417] op $28 lba 99 n 1
[scsi 1418] op $28 lba 115 n 64
[scsi 1419] op $28 lba 179 n 64
[scsi 1420] op $28 lba 100 n 1
[scsi 1421] op $28 lba 101 n 1
[scsi 1422] op $28 lba 102 n 1
[scsi 1423] op $28 lba 103 n 1
[scsi 1424] op $28 lba 104 n 1
[scsi 1425] op $28 lba 105 n 1
[scsi 1426] op $28 lba 106 n 1
[scsi 1427] op $28 lba 107 n 1
[scsi 1428] op $28 lba 108 n 1
[scsi 1429] op $28 lba 109 n 1
[scsi 1430] op $28 lba 110 n 1
[scsi 1431] op $28 lba 111 n 1
[scsi 1432] op $28 lba 112 n 1
[scsi 1433] op $28 lba 113 n 1
[scsi 1434] op $28 lba 114 n 1
[scsi 1435] op $28 lba 180 n 1
[scsi 1436] op $28 lba 99 n 1
[scsi 1437] op $28 lba 21257 n 1
[scsi 1438] op $28 lba 100 n 1
[scsi 1439] op $28 lba 101 n 1
[scsi 1440] op $28 lba 102 n 1
[scsi 1441] op $28 lba 103 n 1
[scsi 1442] op $28 lba 104 n 1
[scsi 1443] op $28 lba 105 n 1
[scsi 1444] op $28 lba 106 n 1
[scsi 1445] op $28 lba 107 n 1
[scsi 1446] op $28 lba 108 n 1
[scsi 1447] op $28 lba 109 n 1
[scsi 1448] op $28 lba 110 n 1
[scsi 1449] op $28 lba 111 n 1
[scsi 1450] op $28 lba 112 n 1
[scsi 1451] op $28 lba 113 n 1
[scsi 1452] op $28 lba 114 n 1
[scsi 1453] op $28 lba 180 n 1
[scsi 1454] op $28 lba 512094 n 1
[scsi 1455] op $28 lba 98 n 1
[scsi 1456] op $28 lba 98 n 1
[scsi 1457] op $28 lba 98 n 1
[scsi 1458] op $28 lba 98 n 1
[scsi 1459] op $28 lba 115 n 1
[scsi 1460] op $28 lba 179 n 1
[scsi 1461] op $28 lba 98 n 1
[scsi 1462] op $2A lba 98 n 1
[scsi 1463] op $28 lba 11700 n 1
[scsi 1464] op $28 lba 11701 n 1
[scsi 1465] op $28 lba 11555 n 1
[scsi 1466] op $28 lba 11605 n 1
[scsi 1467] op $28 lba 11606 n 1
[scsi 1468] op $28 lba 11702 n 1
[scsi 1469] op $28 lba 12258 n 1
[scsi 1470] op $28 lba 12259 n 4
[scsi 1471] op $28 lba 11619 n 1
[scsi 1472] op $28 lba 12257 n 1
[scsi 1473] op $28 lba 903 n 1
[scsi 1474] op $28 lba 904 n 1
[scsi 1475] op $28 lba 11691 n 1
[scsi 1476] op $28 lba 11692 n 4
[scsi 1477] op $28 lba 11696 n 1
[scsi 1478] op $28 lba 96 n 1
[scsi 1479] op $28 lba 180 n 1
[scsi 1480] op $28 lba 691 n 1
[scsi 1481] op $28 lba 7692 n 1
[scsi 1482] op $28 lba 7694 n 1
[scsi 1483] op $28 lba 7734 n 1
[scsi 1484] op $28 lba 7735 n 1
[scsi 1485] op $2A lba 98 n 1
[scsi 1486] op $2A lba 180 n 1
[scsi 1487] op $28 lba 3132 n 1
[scsi 1488] op $28 lba 816 n 1
[scsi 1489] op $28 lba 828 n 1
[scsi 1490] op $28 lba 757 n 1
[scsi 1491] op $28 lba 923 n 1
[scsi 1492] op $28 lba 912 n 1
[scsi 1493] op $28 lba 42216 n 1
[scsi 1494] op $28 lba 42358 n 1
[scsi 1495] op $28 lba 42359 n 5
[scsi 1496] op $28 lba 42258 n 1
[scsi 1497] op $28 lba 42258 n 1
[scsi 1498] op $28 lba 42311 n 1
[scsi 1499] op $28 lba 42313 n 1
[scsi 1500] op $28 lba 42314 n 4
[scsi 1501] op $28 lba 42318 n 1
[scsi 1502] op $28 lba 3680 n 1
[scsi 1503] op $28 lba 3681 n 4
[scsi 1504] op $28 lba 42318 n 1
[scsi 1505] op $28 lba 42319 n 1
[scsi 1506] op $28 lba 42320 n 5
[scsi 1507] op $28 lba 42317 n 1
[scsi 1508] op $28 lba 911 n 1
[scsi 1509] op $28 lba 42357 n 1
[scsi 1510] op $28 lba 42358 n 1
[scsi 1511] op $28 lba 42342 n 1
[scsi 1512] op $28 lba 42343 n 1
[scsi 1513] op $28 lba 42344 n 11
[scsi 1514] op $28 lba 42335 n 1
[scsi 1515] op $28 lba 42336 n 5
[scsi 1516] op $28 lba 42341 n 2
[scsi 1517] op $28 lba 42327 n 1
[scsi 1518] op $28 lba 3188 n 9
[scsi 1519] op $28 lba 3197 n 1
[scsi 1520] op $28 lba 42354 n 4
[scsi 1521] op $28 lba 42256 n 1
[scsi 1522] op $28 lba 912 n 1
[scsi 1523] op $28 lba 105841 n 1
[scsi 1524] op $28 lba 105952 n 1
[scsi 1525] op $28 lba 105976 n 1
[scsi 1526] op $28 lba 105977 n 1
[scsi 1527] op $28 lba 42250 n 1
[scsi 1528] op $28 lba 42251 n 1
[scsi 1529] op $28 lba 42221 n 1
[scsi 1530] op $28 lba 4026 n 3
[scsi 1531] op $28 lba 42221 n 1
[scsi 1532] op $00 lba 0 n 0
[scsi 1533] op $12 lba 0 n 36
[scsi 1534] op $00 lba 0 n 0
[scsi 1535] op $25 lba 0 n 0
[scsi 1536] op $00 lba 0 n 0
[scsi 1537] op $25 lba 0 n 0
[scsi 1538] op $00 lba 0 n 0
[scsi 1539] op $12 lba 0 n 36
[scsi 1540] op $1B lba 0 n 1
[scsi 1541] op $00 lba 0 n 0
[scsi 1542] op $28 lba 42222 n 1
[scsi 1543] op $28 lba 42236 n 1
[scsi 1544] op $28 lba 42237 n 1
[scsi 1545] op $00 lba 0 n 0
[scsi 1546] op $25 lba 0 n 0
[scsi 1547] op $08 lba 1 n 1
[scsi 1548] op $08 lba 2 n 1
[scsi 1549] op $08 lba 64 n 1
[scsi 1550] op $08 lba 1 n 1
[scsi 1551] op $08 lba 1 n 1
[scsi 1552] op $08 lba 2 n 1
[scsi 1553] op $08 lba 3 n 1
[scsi 1554] op $08 lba 4 n 1
[scsi 1555] op $08 lba 5 n 1
[scsi 1556] op $08 lba 6 n 1
[scsi 1557] op $08 lba 7 n 1
[scsi 1558] op $08 lba 8 n 1
[scsi 1559] op $08 lba 9 n 1
[scsi 1560] op $08 lba 10 n 1
[scsi 1561] op $08 lba 11 n 1
[scsi 1562] op $08 lba 12 n 1
[scsi 1563] op $08 lba 13 n 1
[scsi 1564] op $08 lba 14 n 1
[scsi 1565] op $08 lba 15 n 1
[scsi 1566] op $08 lba 16 n 1
[scsi 1567] op $08 lba 17 n 1
[scsi 1568] op $08 lba 18 n 1
[scsi 1569] op $08 lba 19 n 1
[scsi 1570] op $08 lba 20 n 1
[scsi 1571] op $08 lba 21 n 1
[scsi 1572] op $08 lba 22 n 1
[scsi 1573] op $08 lba 23 n 1
[scsi 1574] op $08 lba 24 n 1
[scsi 1575] op $08 lba 25 n 1
[scsi 1576] op $08 lba 26 n 1
[scsi 1577] op $08 lba 27 n 1
[scsi 1578] op $08 lba 28 n 1
[scsi 1579] op $08 lba 29 n 1
[scsi 1580] op $08 lba 30 n 1
[scsi 1581] op $08 lba 31 n 1
[scsi 1582] op $08 lba 32 n 1
[scsi 1583] op $08 lba 33 n 1
[scsi 1584] op $08 lba 34 n 1
[scsi 1585] op $08 lba 35 n 1
[scsi 1586] op $08 lba 36 n 1
[scsi 1587] op $08 lba 37 n 1
[scsi 1588] op $08 lba 38 n 1
[scsi 1589] op $08 lba 39 n 1
[scsi 1590] op $00 lba 0 n 0
[scsi 1591] op $25 lba 0 n 0
[scsi 1592] op $00 lba 0 n 0
[scsi 1593] op $25 lba 0 n 0
[scsi 1594] op $00 lba 0 n 0
[scsi 1595] op $28 lba 42329 n 1
[scsi 1596] op $28 lba 42330 n 6
[scsi 1597] op $1A lba 0 n 4
[scsi 1598] op $03 lba 0 n 18
[scsi 1599] op $1A lba 256 n 4
[scsi 1600] op $08 lba 0 n 1
[scsi 1601] op $0A lba 0 n 1
[scsi 1602] op $08 lba 100 n 1
[scsi 1603] op $0A lba 100 n 1
[scsi 1604] op $08 lba 200 n 1
[scsi 1605] op $0A lba 200 n 1
[scsi 1606] op $08 lba 300 n 1
[scsi 1607] op $0A lba 300 n 1
[scsi 1608] op $08 lba 400 n 1
[scsi 1609] op $0A lba 400 n 1
[scsi 1610] op $08 lba 500 n 1
[scsi 1611] op $0A lba 500 n 1
[scsi 1612] op $08 lba 600 n 1
[scsi 1613] op $0A lba 600 n 1
[scsi 1614] op $08 lba 700 n 1
[scsi 1615] op $0A lba 700 n 1
[scsi 1616] op $08 lba 800 n 1
[scsi 1617] op $0A lba 800 n 1
[scsi 1618] op $08 lba 900 n 1
[scsi 1619] op $0A lba 900 n 1
[scsi 1620] op $08 lba 0 n 1
[scsi 1621] op $08 lba 1 n 1
[scsi 1622] op $08 lba 1 n 1
[scsi 1623] op $08 lba 2 n 1
[scsi 1624] op $08 lba 3 n 1
[scsi 1625] op $08 lba 0 n 1
[scsi 1626] op $08 lba 1 n 1
[scsi 1627] op $08 lba 2 n 1
[scsi 1628] op $08 lba 3 n 1
[scsi 1629] op $08 lba 0 n 1
[scsi 1630] op $08 lba 1 n 1
[scsi 1631] op $08 lba 1 n 1
[scsi 1632] op $08 lba 2 n 1
[scsi 1633] op $08 lba 3 n 1
[scsi 1634] op $08 lba 2 n 1
[scsi 1635] op $08 lba 3 n 1
[scsi 1636] op $08 lba 98 n 1
[scsi 1637] op $28 lba 42327 n 1
[scsi 1638] op $08 lba 4 n 1
[scsi 1639] op $08 lba 0 n 1
[scsi 1640] op $08 lba 2 n 1
[scsi 1641] op $08 lba 2 n 1
[scsi 1642] op $28 lba 42310 n 1
[scsi 1643] op $00 lba 0 n 0
[scsi 1644] op $12 lba 0 n 36
[scsi 1645] op $00 lba 0 n 0
[scsi 1646] op $12 lba 0 n 36
[scsi 1647] op $1B lba 0 n 1
[scsi 1648] op $00 lba 0 n 0
[scsi 1649] op $00 lba 0 n 0
[scsi 1650] op $25 lba 0 n 0
[scsi 1651] op $08 lba 1 n 1
[scsi 1652] op $08 lba 2 n 1
[scsi 1653] op $08 lba 64 n 1
[scsi 1654] op $08 lba 1 n 1
[scsi 1655] op $08 lba 1 n 1
[scsi 1656] op $08 lba 2 n 1
[scsi 1657] op $08 lba 3 n 1
[scsi 1658] op $08 lba 4 n 1
[scsi 1659] op $08 lba 5 n 1
[scsi 1660] op $08 lba 6 n 1
[scsi 1661] op $08 lba 7 n 1
[scsi 1662] op $08 lba 8 n 1
[scsi 1663] op $08 lba 9 n 1
[scsi 1664] op $08 lba 10 n 1
[scsi 1665] op $08 lba 11 n 1
[scsi 1666] op $08 lba 12 n 1
[scsi 1667] op $08 lba 13 n 1
[scsi 1668] op $08 lba 14 n 1
[scsi 1669] op $08 lba 15 n 1
[scsi 1670] op $08 lba 16 n 1
[scsi 1671] op $08 lba 17 n 1
[scsi 1672] op $08 lba 18 n 1
[scsi 1673] op $08 lba 19 n 1
[scsi 1674] op $08 lba 20 n 1
[scsi 1675] op $08 lba 21 n 1
[scsi 1676] op $08 lba 22 n 1
[scsi 1677] op $08 lba 23 n 1
[scsi 1678] op $08 lba 24 n 1
[scsi 1679] op $08 lba 25 n 1
[scsi 1680] op $08 lba 26 n 1
[scsi 1681] op $08 lba 27 n 1
[scsi 1682] op $08 lba 28 n 1
[scsi 1683] op $08 lba 29 n 1
[scsi 1684] op $08 lba 30 n 1
[scsi 1685] op $08 lba 31 n 1
[scsi 1686] op $08 lba 32 n 1
[scsi 1687] op $08 lba 33 n 1
[scsi 1688] op $08 lba 34 n 1
[scsi 1689] op $08 lba 35 n 1
[scsi 1690] op $08 lba 36 n 1
[scsi 1691] op $08 lba 37 n 1
[scsi 1692] op $08 lba 38 n 1
[scsi 1693] op $08 lba 39 n 1
[scsi 1694] op $28 lba 42222 n 1
[scsi 1695] op $08 lba 0 n 1
[scsi 1696] op $08 lba 1 n 1
[scsi 1697] op $08 lba 1 n 1
[scsi 1698] op $08 lba 2 n 1
[scsi 1699] op $08 lba 3 n 1
[scsi 1700] op $08 lba 2 n 1
[scsi 1701] op $08 lba 3 n 1
[scsi 1702] op $08 lba 98 n 1
[scsi 1703] op $08 lba 4 n 1
[scsi 1704] op $08 lba 1 n 1
[scsi 1705] op $08 lba 2 n 1
[scsi 1706] op $08 lba 3 n 1
[scsi 1707] op $08 lba 1 n 1
[scsi 1708] op $08 lba 2 n 1
[scsi 1709] op $08 lba 3 n 1
[scsi 1710] op $0A lba 0 n 1
[scsi 1711] op $08 lba 1 n 1
[scsi 1712] op $08 lba 2 n 1
[scsi 1713] op $28 lba 42259 n 1
[scsi 1714] op $28 lba 42260 n 7
target: /var/folders/lk/1g75s7c514v4f1v9msbpsb8h0000gn/T//q605_cdinstall_target.img, 512000 sectors, 4096-byte blocks, 63997 blocks
boot: CD served 3912 blocks, target served 41 blocks (7 written), processes 'Finder'x60
installer: processes 'Mac OS Install'x60
install pane: processes 'Mac OS Install'x60
step 1: processes 'Drive Setup'x60, target 22 written, CD 4782 read, moving
step 2: processes 'Drive Setup'x60, target 22 written, CD 4782 read, moving
step 3: processes 'Drive Setup'x60, target 22 written, CD 4782 read, moving
step 4: processes 'Drive Setup'x60, target 22 written, CD 4782 read, still → Return
step 5: processes 'Drive Setup'x60, target 22 written, CD 4782 read, moving
[53c96 f236] W CMD 10
[53c96 f236] R STAT/BUSID 11
[53c96 f236] R STAT/BUSID 11
[53c96 f236] R STAT/BUSID 11
[53c96 f236] R STAT/BUSID 91
[53c96 f236] R FLAGS/SYNO 10
[53c96 f236] R ISTAT/TMO 10
[53c96 f236] R FIFO 53
[53c96 f236] R STAT/BUSID 11
[53c96 f236] W CMD 10
[53c96 f236] R STAT/BUSID 11
[53c96 f236] R STAT/BUSID 11
[53c96 f236] R STAT/BUSID 11
[53c96 f236] R STAT/BUSID 11
[53c96 f236] R STAT/BUSID 91
[53c96 f236] R FLAGS/SYNO 10
[53c96 f236] R ISTAT/TMO 10
[53c96 f236] R FIFO 65
[53c96 f236] R STAT/BUSID 11
[53c96 f236] W TCLO FE
[53c96 f236] W TCMID 07
[53c96 f236] W CMD 90
[53c96 f236] R FLAGS/SYNO 10
[53c96 f236] R STAT/BUSID 91
[53c96 f236] R SEQ/SYNP 00
[53c96 f236] R CMD 90
[53c96 f236] R FLAGS/SYNO 10
[53c96 f236] R ISTAT/TMO 10
[53c96 f236] R STAT/BUSID 11
[53c96 f236] W CMD 10
[53c96 f236] R STAT/BUSID 11
[53c96 f236] R STAT/BUSID 11
[53c96 f236] R STAT/BUSID 11
[53c96 f236] R STAT/BUSID 91
[53c96 f236] R FLAGS/SYNO 10
[53c96 f236] R ISTAT/TMO 10
[53c96 f236] R FIFO 70
[53c96 f236] R STAT/BUSID 11
[53c96 f236] W CMD 10
[53c96 f236] R STAT/BUSID 11
[53c96 f236] R STAT/BUSID 11
[53c96 f236] R STAT/BUSID 11
[53c96 f236] R STAT/BUSID 91
[53c96 f236] R FLAGS/SYNO 10
[53c96 f236] R ISTAT/TMO 10
[53c96 f236] R FIFO C0
[53c96 f236] R STAT/BUSID 11
[53c96 f236] W TCLO FE
[53c96 f236] W TCMID 05
[53c96 f236] W CMD 90
[53c96 f236] R FLAGS/SYNO 10
[53c96 f236] R STAT/BUSID 91
[53c96 f236] R SEQ/SYNP 00
[53c96 f236] R CMD 90
[53c96 f236] R FLAGS/SYNO 10
[53c96 f236] R ISTAT/TMO 10
[53c96 f236] R STAT/BUSID 11
[53c96 f236] W TCLO 00
[53c96 f236] W TCMID 02
[53c96 f236] W CMD 90
[53c96 f236] R STAT/BUSID 93
[53c96 f236] R SEQ/SYNP 00
[53c96 f236] R CMD 90
[53c96 f236] R FLAGS/SYNO 00
[53c96 f236] R ISTAT/TMO 10
[53c96 f236] R CFG1 47
[53c96 f236] W CFG1 C7
[53c96 f236] W CMD 11
[53c96 f236] R STAT/BUSID 97
[53c96 f236] R SEQ/SYNP 00
[53c96 f236] R CMD 11
[53c96 f236] R FLAGS/SYNO 02
[53c96 f236] R ISTAT/TMO 08
[53c96 f236] R FIFO 00
[53c96 f236] R FLAGS/SYNO 01
[53c96 f236] R FIFO 00
[53c96 f236] W CMD 12
[53c96 f236] R STAT/BUSID 90
[53c96 f236] R SEQ/SYNP 00
[53c96 f236] R CMD 12
[53c96 f236] R FLAGS/SYNO 00
[53c96 f236] R ISTAT/TMO 20
[53c96 f236] W CMD 01
[53c96 f236] W FLAGS/SYNO 00
[53c96 f236] R CFG3 04
[53c96 f236] W CFG3 04
[53c96 f236] W CMD 44
[53c96 f236] R STAT/BUSID 10
[53c96 f236] W STAT/BUSID 06
[53c96 f236] W FIFO 80
[53c96 f236] R STAT/BUSID 10
[53c96 f236] W FIFO 0A
[53c96 f236] R STAT/BUSID 10
[53c96 f236] W FIFO 00
[53c96 f236] R STAT/BUSID 10
[53c96 f236] W FIFO 00
[53c96 f236] R STAT/BUSID 10
[53c96 f236] W FIFO 40
[53c96 f236] R STAT/BUSID 10
[53c96 f236] W FIFO 20
[53c96 f236] R STAT/BUSID 10
[53c96 f236] W FIFO 00
[53c96 f236] R STAT/BUSID 10
[53c96 f236] W CMD 42
[53c96 f236] R STAT/BUSID 90
[53c96 f236] R SEQ/SYNP 04
[53c96 f236] R CMD 42
[53c96 f236] R FLAGS/SYNO 80
[53c96 f236] R ISTAT/TMO 18
[53c96 f236] R CFG1 C7
[53c96 f236] W CFG1 47
[53c96 f236] W FIFO 60
[53c96 f236] W FIFO 00
[53c96 f236] W FIFO 03
[53c96 f236] W FIFO EC
[53c96 f236] W FIFO 00
[53c96 f236] W FIFO 00
[53c96 f236] W FIFO 00
[53c96 f236] W FIFO 01
[53c96 f236] W FIFO 60
[53c96 f236] W FIFO 00
[53c96 f236] W FIFO 03
[53c96 f236] W FIFO EA
[53c96 f236] W FIFO 23
[53c96 f236] W FIFO 24
[53c96 f236] W FIFO 00
[53c96 f236] W FIFO 01
[53c96 f236] W CMD 10
[53c96 f236] R STAT/BUSID 80
[53c96 f236] R FLAGS/SYNO 00
[53c96 f236] R ISTAT/TMO 10
[53c96 f236] W FIFO 00
[53c96 f236] W FIFO 01
[53c96 f236] W FIFO 00
[53c96 f236] W FIFO 01
[53c96 f236] W FIFO 00
[53c96 f236] W FIFO 01
[53c96 f236] W FIFO 00
[53c96 f236] W FIFO 00
[53c96 f236] W FIFO 40
[53c96 f236] W FIFO 00
[53c96 f236] W FIFO 00
[53c96 f236] W FIFO 00
[53c96 f236] W FIFO 00
[53c96 f236] W FIFO 00
[53c96 f236] W FIFO 6F
[53c96 f236] W FIFO 04
[53c96 f236] W CMD 10
[53c96 f236] R STAT/BUSID 80
[53c96 f236] R FLAGS/SYNO 00
[53c96 f236] R ISTAT/TMO 10
[53c96 f236] W FIFO 00
[53c96 f236] W FIFO 00
[53c96 f236] W FIFO 00
[53c96 f236] W FIFO 00
[53c96 f236] W FIFO 00
[53c96 f236] W FIFO 00
[53c96 f236] W FIFO 00
[53c96 f236] W FIFO 7A
[53c96 f236] W FIFO 00
[53c96 f236] W FIFO B2
[53c96 f236] W FIFO 00
[53c96 f236] W FIFO 92
[53c96 f236] W FIFO 00
[53c96 f236] W FIFO A2
[53c96 f236] W FIFO 00
[53c96 f236] W FIFO 82
[53c96 f236] W CMD 10
[53c96 f236] R STAT/BUSID 00
[53c96 f236] R STAT/BUSID 00
[53c96 f236] R STAT/BUSID 00
[53c96 f236] R STAT/BUSID 00
[53c96 f236] R STAT/BUSID 00
[53c96 f236] R STAT/BUSID 00
[53c96 f236] R STAT/BUSID 00
[53c96 f236] R STAT/BUSID 00
[53c96 f236] R STAT/BUSID 00
[53c96 f236] R STAT/BUSID 00
[53c96 f236] R STAT/BUSID 00
[53c96 f236] R STAT/BUSID 00
[53c96 f236] R STAT/BUSID 00
[53c96 f236] R STAT/BUSID 00
[53c96 f236] R STAT/BUSID 00
[53c96 f236] R STAT/BUSID 00
[53c96 f236] R STAT/BUSID 00
[53c96 f236] R STAT/BUSID 00
[53c96 f236] R STAT/BUSID 00
[53c96 f236] R STAT/BUSID 00
[53c96 f236] R STAT/BUSID 00
[53c96 f236] R STAT/BUSID 00
[53c96 f236] R STAT/BUSID 00
[53c96 f236] R STAT/BUSID 00
[53c96 f236] R STAT/BUSID 00
[53c96 f236] R STAT/BUSID 00
[53c96 f236] R STAT/BUSID 00
[53c96 f236] R STAT/BUSID 00
[53c96 f236] R STAT/BUSID 00
[53c96 f236] R STAT/BUSID 00
[53c96 f236] R STAT/BUSID 00
[53c96 f236] R STAT/BUSID 00
