ASSET rom    "roms/1MB ROMs/1993-10 - FF7439EE - LC475,575,Quadra 605,Performa 475,476,575,577,578.ROM" 1048576 B sha256 9c758473a523ffe40ed0d20d27ff37216ed2df064335d7da815a89cff5607b34
ASSET disk   "hdv/ref/System 7.5.5 HD.dsk" 83886080 B sha256 9abafc2edfb742f71fc0e4e4840ef9f1adde78de1387c406d84e4c82d35cad6f  HFS "Macintosh HD" drVolAtrb $0100 clean
ASSET floppy "disks35/Stuffit_Expander_5.5.dsk" 1474644 B sha256 535358df882652138466264839af447df37a3bfb82dcde740b3c041605acc44e  HFS "Stuffit Expander 5.5" drVolAtrb $0100 clean
SCSI: flat HFS façade — DDM template from /Users/mercure/src/pom68k/hdv/ref/HD20SC.vhd
SCSI: flat HFS → façade (96 + 163840 = 163936 blocks)
[sony] commandSwim reg $D
[sony] strobe MFM off (was 1, hd 1, super 1)
[sony] commandSwim reg $2
[sony] commandSwim reg $D
[sony] strobe MFM off (was 0, hd 1, super 1)
[sony] commandSwim reg $4
[sony] commandSwim reg $1
[sony] commandSwim reg $1
[sony] commandSwim reg $1
[sony] commandSwim reg $1
[sony] commandSwim reg $1
[sony] commandSwim reg $1
[sony] commandSwim reg $1
[sony] commandSwim reg $1
[sony] commandSwim reg $1
[sony] commandSwim reg $1
[sony] commandSwim reg $1
[sony] commandSwim reg $1
[sony] commandSwim reg $1
[sony] commandSwim reg $1
[sony] commandSwim reg $1
[sony] commandSwim reg $1
[sony] commandSwim reg $1
[sony] commandSwim reg $1
[sony] commandSwim reg $1
[sony] commandSwim reg $1
[sony] commandSwim reg $1
[sony] commandSwim reg $1
[sony] commandSwim reg $1
[sony] commandSwim reg $1
[sony] commandSwim reg $1
[sony] commandSwim reg $1
[sony] commandSwim reg $1
[sony] commandSwim reg $1
[sony] commandSwim reg $1
[sony] commandSwim reg $1
[sony] commandSwim reg $1
[sony] commandSwim reg $1
[sony] commandSwim reg $1
[sony] commandSwim reg $1
[sony] commandSwim reg $1
[sony] commandSwim reg $1
[sony] commandSwim reg $1
[sony] commandSwim reg $1
[sony] commandSwim reg $1
[sony] commandSwim reg $1
[sony] commandSwim reg $1
[sony] commandSwim reg $1
[sony] commandSwim reg $1
[sony] commandSwim reg $1
[sony] commandSwim reg $1
[sony] commandSwim reg $1
[sony] commandSwim reg $1
[sony] commandSwim reg $1
[sony] commandSwim reg $1
[sony] commandSwim reg $1
[sony] commandSwim reg $1
[sony] commandSwim reg $1
[sony] commandSwim reg $1
[sony] commandSwim reg $1
[sony] commandSwim reg $1
[sony] commandSwim reg $1
[sony] commandSwim reg $1
[sony] commandSwim reg $1
[sony] commandSwim reg $1
[sony] commandSwim reg $1
[sony] commandSwim reg $1
[sony] commandSwim reg $1
[sony] commandSwim reg $1
[sony] commandSwim reg $1
[sony] commandSwim reg $1
[sony] commandSwim reg $1
[sony] commandSwim reg $1
[sony] commandSwim reg $1
[sony] commandSwim reg $1
[sony] commandSwim reg $1
[sony] commandSwim reg $1
[sony] commandSwim reg $1
[sony] commandSwim reg $1
[sony] commandSwim reg $1
[sony] commandSwim reg $1
[sony] commandSwim reg $1
[sony] commandSwim reg $1
[sony] commandSwim reg $1
[sony] commandSwim reg $1
[sony] commandSwim reg $1
[sony] commandSwim reg $D
[sony] strobe MFM off (was 1, hd 1, super 1)
[sony] commandSwim reg $2
[sony] commandSwim reg $D
[sony] strobe MFM off (was 0, hd 1, super 1)
[sony] commandSwim reg $4
[sony] commandSwim reg $1
[sony] commandSwim reg $1
[sony] commandSwim reg $1
[sony] commandSwim reg $1
[sony] commandSwim reg $1
[sony] commandSwim reg $1
[sony] commandSwim reg $1
[sony] commandSwim reg $1
[sony] commandSwim reg $1
[sony] commandSwim reg $1
[sony] commandSwim reg $1
[sony] commandSwim reg $1
[sony] commandSwim reg $1
[sony] commandSwim reg $1
[sony] commandSwim reg $1
[sony] commandSwim reg $1
[sony] commandSwim reg $1
[sony] commandSwim reg $1
[sony] commandSwim reg $1
[sony] commandSwim reg $1
[sony] commandSwim reg $1
[sony] commandSwim reg $1
[sony] commandSwim reg $1
[sony] commandSwim reg $1
[sony] commandSwim reg $1
[sony] commandSwim reg $1
[sony] commandSwim reg $1
[sony] commandSwim reg $1
[sony] commandSwim reg $1
[sony] commandSwim reg $1
[sony] commandSwim reg $1
[sony] commandSwim reg $1
[sony] commandSwim reg $1
[sony] commandSwim reg $1
[sony] commandSwim reg $1
[sony] commandSwim reg $1
[sony] commandSwim reg $1
[sony] commandSwim reg $1
[sony] commandSwim reg $1
[sony] commandSwim reg $1
[sony] commandSwim reg $1
[sony] commandSwim reg $1
[sony] commandSwim reg $1
[sony] commandSwim reg $1
[sony] commandSwim reg $1
[sony] commandSwim reg $1
[sony] commandSwim reg $1
[sony] commandSwim reg $1
[sony] commandSwim reg $1
[sony] commandSwim reg $1
[sony] commandSwim reg $1
[sony] commandSwim reg $1
[sony] commandSwim reg $1
[sony] commandSwim reg $1
[sony] commandSwim reg $1
[sony] commandSwim reg $1
[sony] commandSwim reg $1
[sony] commandSwim reg $1
[sony] commandSwim reg $1
[sony] commandSwim reg $1
[sony] commandSwim reg $1
[sony] commandSwim reg $1
[sony] commandSwim reg $1
[sony] commandSwim reg $1
[sony] commandSwim reg $1
[sony] commandSwim reg $1
[sony] commandSwim reg $1
[sony] commandSwim reg $1
[sony] commandSwim reg $1
[sony] commandSwim reg $1
[sony] commandSwim reg $1
[sony] commandSwim reg $1
[sony] commandSwim reg $1
[sony] commandSwim reg $1
[sony] commandSwim reg $1
[sony] commandSwim reg $1
[sony] commandSwim reg $1
[sony] commandSwim reg $1
[sony] commandSwim reg $1
[sony] commandSwim reg $1
[sony] commandSwim reg $D
[sony] strobe MFM off (was 1, hd 1, super 1)
[sony] commandSwim reg $2
[sony] commandSwim reg $D
[sony] strobe MFM off (was 0, hd 1, super 1)
[sony] commandSwim reg $4
[sony] commandSwim reg $1
[sony] commandSwim reg $1
[sony] commandSwim reg $1
[sony] commandSwim reg $1
[sony] commandSwim reg $1
[sony] commandSwim reg $1
[sony] commandSwim reg $1
[sony] commandSwim reg $1
[sony] commandSwim reg $1
[sony] commandSwim reg $1
[sony] commandSwim reg $1
[sony] commandSwim reg $1
[sony] commandSwim reg $1
[sony] commandSwim reg $1
[sony] commandSwim reg $1
[sony] commandSwim reg $1
[sony] commandSwim reg $1
[sony] commandSwim reg $1
[sony] commandSwim reg $1
[sony] commandSwim reg $1
[sony] commandSwim reg $1
[sony] commandSwim reg $1
[sony] commandSwim reg $1
[sony] commandSwim reg $1
[sony] commandSwim reg $1
[sony] commandSwim reg $1
[sony] commandSwim reg $1
[sony] commandSwim reg $1
[sony] commandSwim reg $1
[sony] commandSwim reg $1
[sony] commandSwim reg $1
[sony] commandSwim reg $1
[sony] commandSwim reg $1
[sony] commandSwim reg $1
[sony] commandSwim reg $1
[sony] commandSwim reg $1
[sony] commandSwim reg $1
[sony] commandSwim reg $1
[sony] commandSwim reg $1
[sony] commandSwim reg $1
[sony] commandSwim reg $1
[sony] commandSwim reg $1
[sony] commandSwim reg $1
[sony] commandSwim reg $1
[sony] commandSwim reg $1
[sony] commandSwim reg $1
[sony] commandSwim reg $1
[sony] commandSwim reg $1
[sony] commandSwim reg $1
[sony] commandSwim reg $1
[sony] commandSwim reg $1
[sony] commandSwim reg $1
[sony] commandSwim reg $1
[sony] commandSwim reg $1
[sony] commandSwim reg $1
[sony] commandSwim reg $1
[sony] commandSwim reg $1
[sony] commandSwim reg $1
[sony] commandSwim reg $1
[sony] commandSwim reg $1
[sony] commandSwim reg $1
[sony] commandSwim reg $1
[sony] commandSwim reg $1
[sony] commandSwim reg $1
[sony] commandSwim reg $1
[sony] commandSwim reg $1
[sony] commandSwim reg $1
[sony] commandSwim reg $1
[sony] commandSwim reg $1
[sony] commandSwim reg $1
[sony] commandSwim reg $1
[sony] commandSwim reg $1
[sony] commandSwim reg $1
[sony] commandSwim reg $1
[sony] commandSwim reg $1
[sony] commandSwim reg $1
[sony] commandSwim reg $1
[sony] commandSwim reg $1
[sony] commandSwim reg $1
[sony] commandSwim reg $1
[sony] commandSwim reg $D
[sony] strobe MFM off (was 1, hd 1, super 1)
[sony] commandSwim reg $2
[sony] commandSwim reg $D
[sony] strobe MFM off (was 0, hd 1, super 1)
[sony] commandSwim reg $4
[sony] commandSwim reg $1
[sony] commandSwim reg $1
[sony] commandSwim reg $1
[sony] commandSwim reg $1
[sony] commandSwim reg $1
[sony] commandSwim reg $1
[sony] commandSwim reg $1
[sony] commandSwim reg $1
[sony] commandSwim reg $1
[sony] commandSwim reg $1
[sony] commandSwim reg $1
[sony] commandSwim reg $1
[sony] commandSwim reg $1
[sony] commandSwim reg $1
[sony] commandSwim reg $1
[sony] commandSwim reg $1
[sony] commandSwim reg $1
[sony] commandSwim reg $1
[sony] commandSwim reg $1
[sony] commandSwim reg $1
[sony] commandSwim reg $1
[sony] commandSwim reg $1
[sony] commandSwim reg $1
[sony] commandSwim reg $1
[sony] commandSwim reg $1
[sony] commandSwim reg $1
[sony] commandSwim reg $1
[sony] commandSwim reg $1
[sony] commandSwim reg $1
[sony] commandSwim reg $1
[sony] commandSwim reg $1
[sony] commandSwim reg $1
[sony] commandSwim reg $1
[sony] commandSwim reg $1
[sony] commandSwim reg $1
[sony] commandSwim reg $1
[sony] commandSwim reg $1
[sony] commandSwim reg $1
[sony] commandSwim reg $1
[sony] commandSwim reg $1
[sony] commandSwim reg $1
[sony] commandSwim reg $1
[sony] commandSwim reg $1
[sony] commandSwim reg $1
[sony] commandSwim reg $1
[sony] commandSwim reg $1
[sony] commandSwim reg $1
[sony] commandSwim reg $1
[sony] commandSwim reg $1
[sony] commandSwim reg $1
[sony] commandSwim reg $1
[sony] commandSwim reg $1
[sony] commandSwim reg $1
[sony] commandSwim reg $1
[sony] commandSwim reg $1
[sony] commandSwim reg $1
[sony] commandSwim reg $1
[sony] commandSwim reg $1
[sony] commandSwim reg $1
[sony] commandSwim reg $1
[sony] commandSwim reg $1
[sony] commandSwim reg $1
[sony] commandSwim reg $1
[sony] commandSwim reg $1
[sony] commandSwim reg $1
[sony] commandSwim reg $1
[sony] commandSwim reg $1
[sony] commandSwim reg $1
[sony] commandSwim reg $1
[sony] commandSwim reg $1
[sony] commandSwim reg $1
[sony] commandSwim reg $1
[sony] commandSwim reg $1
[sony] commandSwim reg $1
[sony] commandSwim reg $1
[sony] commandSwim reg $1
[sony] commandSwim reg $1
[sony] commandSwim reg $1
[sony] commandSwim reg $1
[sony] commandSwim reg $1
[sony] commandSwim reg $D
[sony] strobe MFM off (was 1, hd 1, super 1)
[sony] commandSwim reg $2
[sony] commandSwim reg $D
[sony] strobe MFM off (was 0, hd 1, super 1)
[sony] commandSwim reg $4
[sony] commandSwim reg $1
[sony] commandSwim reg $1
[sony] commandSwim reg $1
[sony] commandSwim reg $1
[sony] commandSwim reg $1
[sony] commandSwim reg $1
[sony] commandSwim reg $1
[sony] commandSwim reg $1
[sony] commandSwim reg $1
[sony] commandSwim reg $1
[sony] commandSwim reg $1
[sony] commandSwim reg $1
[sony] commandSwim reg $1
[sony] commandSwim reg $1
[sony] commandSwim reg $1
[sony] commandSwim reg $1
[sony] commandSwim reg $1
[sony] commandSwim reg $1
[sony] commandSwim reg $1
[sony] commandSwim reg $1
[sony] commandSwim reg $1
[sony] commandSwim reg $1
[sony] commandSwim reg $1
[sony] commandSwim reg $1
[sony] commandSwim reg $1
[sony] commandSwim reg $1
[sony] commandSwim reg $1
[sony] commandSwim reg $1
[sony] commandSwim reg $1
[sony] commandSwim reg $1
[sony] commandSwim reg $1
[sony] commandSwim reg $1
[sony] commandSwim reg $1
[sony] commandSwim reg $1
[sony] commandSwim reg $1
[sony] commandSwim reg $1
[sony] commandSwim reg $1
[sony] commandSwim reg $1
[sony] commandSwim reg $1
[sony] commandSwim reg $1
[sony] commandSwim reg $1
[sony] commandSwim reg $1
[sony] commandSwim reg $1
[sony] commandSwim reg $1
[sony] commandSwim reg $1
[sony] commandSwim reg $1
[sony] commandSwim reg $1
[sony] commandSwim reg $1
[sony] commandSwim reg $1
[sony] commandSwim reg $1
[sony] commandSwim reg $1
[sony] commandSwim reg $1
[sony] commandSwim reg $1
[sony] commandSwim reg $1
[sony] commandSwim reg $1
[sony] commandSwim reg $1
[sony] commandSwim reg $1
[sony] commandSwim reg $1
[sony] commandSwim reg $1
[sony] commandSwim reg $1
[sony] commandSwim reg $1
[sony] commandSwim reg $1
[sony] commandSwim reg $1
[sony] commandSwim reg $1
[sony] commandSwim reg $1
[sony] commandSwim reg $1
[sony] commandSwim reg $1
[sony] commandSwim reg $1
[sony] commandSwim reg $1
[sony] commandSwim reg $1
[sony] commandSwim reg $1
[sony] commandSwim reg $1
[sony] commandSwim reg $1
[sony] commandSwim reg $1
[sony] commandSwim reg $1
[sony] commandSwim reg $1
[sony] commandSwim reg $1
[sony] commandSwim reg $1
[sony] commandSwim reg $1
[sony] commandSwim reg $1
[sony] commandSwim reg $D
[sony] strobe MFM off (was 1, hd 1, super 1)
[sony] commandSwim reg $2
[sony] commandSwim reg $D
[sony] strobe MFM off (was 0, hd 1, super 1)
[sony] commandSwim reg $4
[sony] commandSwim reg $1
[sony] commandSwim reg $1
[sony] commandSwim reg $1
[sony] commandSwim reg $1
[sony] commandSwim reg $1
[sony] commandSwim reg $1
[sony] commandSwim reg $1
[sony] commandSwim reg $1
[sony] commandSwim reg $1
[sony] commandSwim reg $1
[sony] commandSwim reg $1
[sony] commandSwim reg $1
[sony] commandSwim reg $1
[sony] commandSwim reg $1
[sony] commandSwim reg $1
[sony] commandSwim reg $1
[sony] commandSwim reg $1
[sony] commandSwim reg $1
[sony] commandSwim reg $1
[sony] commandSwim reg $1
[sony] commandSwim reg $1
[sony] commandSwim reg $1
[sony] commandSwim reg $1
[sony] commandSwim reg $1
[sony] commandSwim reg $1
[sony] commandSwim reg $1
[sony] commandSwim reg $1
[sony] commandSwim reg $1
[sony] commandSwim reg $1
[sony] commandSwim reg $1
[sony] commandSwim reg $1
[sony] commandSwim reg $1
[sony] commandSwim reg $1
[sony] commandSwim reg $1
[sony] commandSwim reg $1
[sony] commandSwim reg $1
[sony] commandSwim reg $1
[sony] commandSwim reg $1
[sony] commandSwim reg $1
[sony] commandSwim reg $1
[sony] commandSwim reg $1
[sony] commandSwim reg $1
[sony] commandSwim reg $1
[sony] commandSwim reg $1
[sony] commandSwim reg $1
[sony] commandSwim reg $1
[sony] commandSwim reg $1
[sony] commandSwim reg $1
[sony] commandSwim reg $1
[sony] commandSwim reg $1
[sony] commandSwim reg $1
[sony] commandSwim reg $1
[sony] commandSwim reg $1
[sony] commandSwim reg $1
[sony] commandSwim reg $1
[sony] commandSwim reg $1
[sony] commandSwim reg $1
[sony] commandSwim reg $1
[sony] commandSwim reg $1
[sony] commandSwim reg $1
[sony] commandSwim reg $1
[sony] commandSwim reg $1
[sony] commandSwim reg $1
[sony] commandSwim reg $1
[sony] commandSwim reg $1
[sony] commandSwim reg $1
[sony] commandSwim reg $1
[sony] commandSwim reg $1
[sony] commandSwim reg $1
[sony] commandSwim reg $1
[sony] commandSwim reg $1
[sony] commandSwim reg $1
[sony] commandSwim reg $1
[sony] commandSwim reg $1
[sony] commandSwim reg $1
[sony] commandSwim reg $1
[sony] commandSwim reg $1
[sony] commandSwim reg $1
[sony] commandSwim reg $1
[sony] commandSwim reg $1
[sony] commandSwim reg $6
desktop: 640x480 depth 8, SCSI 3619 commands
insert: drive accepted the image
after insert: 22.76% of the desktop changed, halted=0
head: track 0 -> 0
VERDICT: the desktop changed but the head never moved — that is a dialog, not a mount
