ASSET rom    "roms/512KB ROMs/1992-03 - 35C28F5F - Mac LC II.ROM" 524288 B sha256 18c3de07ca15cf66dfbaa5984aca34b48a2d7b4d0d8c7656f79533899ccec0a0
ASSET disk   "hdv/boot.vhd" 1468071936 B sha256 cc364381220afc9de7c85f65449b8bde14ace79eb19f39e3f1086186cb6c2868  HFS "MacPack" drVolAtrb $0000 bit 8 clear: not cleanly unmounted
Finder up (SCSI 9618)
floppy: disks35/Disk605.dsk, 819200 bytes, HFS=1, drAtrb=$0100 at insert
floppy: guest read 309598 nibbles off the medium
floppy: SWIM1 personality=IWM mode=$00, head at track 10, motor off, sense CSTIN=0 TKO=1
floppy: IWM re-reads of a latched byte: 503
floppy: IWM polls 604930, hits 59934 (9.9%), overwritten 251327; last 512 consumed: 5 sync $FF, 0 address/data marks
floppy: consumed tail: AC A6 F6 D3 BF FE E9 DD F6 DC D7 D6 FA CE BC EE F4 EE F2 BC DE AA D3 CE
floppy: screen changed 0.012 after insert, Finder up
floppy: changed region x 439..503, y 28..123 (2310 px)
floppy: System responded: yes — centre white 0.65, icon strip Δ1388 px → volume icon appeared (MOUNTED)
  [floppy/before] 'untitled folder' x0
  [floppy/before] 'Nouveau dossier' x0
  [floppy/before] 'Dossier sans titre' x0
  [floppy/before] 'Empty Folder' x1
  [floppy/before] 'Dossier vide' x0
floppy: write-protect sense = 0
floppy: KeyMap saw the gesture
floppy: Cmd-N changed the screen by 3069 px (region x 17..503, y 45..316)
floppy: hard disk image untouched by the Cmd-N (tells us which window was frontmost)
floppy: guest wrote to the medium: yes (sectors committed)
floppy: guest Put Away ejected the medium after 60 frames
  [floppy/after] 'untitled folder' x0
  [floppy/after] 'Nouveau dossier' x0
  [floppy/after] 'Dossier sans titre' x0
  [floppy/after] 'Empty Folder' x1
  [floppy/after] 'Dossier vide' x0
floppy: NO candidate folder name appeared in the host file
floppy: host file modified, size kept, HFS sig intact, drAtrb $0100 → $0100
floppy: re-insert OK
FAILED — LC II beyond-boot floppy
