[jit] profile=production backend=x86-64 (native code generation) window=1 blocks=1 max=64 ram=10MB
[jit] engine ON
[jit] block $00A03CF6  4 instr,  4 native, 3651 bytes  branch->INTERNAL  [1083/4c 1083/4c 1083/4c 51CA/6c ]
[jit] block $00A02F58  3 instr,  3 native, 2684 bytes  [2049/2c D1D9/6c 2468/7c ]
[jit] block $00A03124  5 instr,  3 native, 3095 bytes  [4A32/9c 1212/70c E159/8c 50C1/4c 1481/68c ]
[jit] block $00A03134  2 instr,  2 native, 1423 bytes  branch->exit  [D201/2c 670C/4c ]
[jit] block $00A03138  3 instr,  3 native, 2427 bytes  branch->exit  [4401/2c B232/9c 6604/6c ]
[jit] block $00A03144  2 instr,  1 native, 1194 bytes  [E059/8c 14BC/130c ]
[jit] block $00A0314E  1 instr,  1 native, 822 bytes  branch->exit  [4ED6/4c ]
[jit] block $00A03140  2 instr,  1 native, 1178 bytes  branch->exit  [B212/74c 67EC/6c ]
[jit] block $00A03130  2 instr,  1 native, 1069 bytes  [4401/2c 1481/68c ]
[jit] block $00A02F80  3 instr,  3 native, 2404 bytes  branch->exit  [43F0/9c B429/7c 66F2/6c ]
[jit] block $00A02F7C  2 instr,  2 native, 1864 bytes  branch->exit  [2018/6c 67D2/4c ]
[jit] block $00A46240  2 instr,  2 native, 1395 bytes  branch->exit  [0807/4c 6704/4c ]
[jit] block $00A46246  2 instr,  2 native, 1273 bytes  branch->exit  [2E4D/2c 4ED6/4c ]
[jit] block $00A02F18  4 instr,  4 native, 2424 bytes  branch->exit  [08C7/4c 2A4F/2c 4A02/2c 6730/6c ]
[jit] block $00A02F2C  3 instr,  3 native, 2417 bytes  branch->exit  [43F0/9c B469/7c 66F0/6c ]
[jit] block $00A02F26  3 instr,  3 native, 2397 bytes  branch->exit  [5848/2c 2010/6c 6726/4c ]
[jit] block $00A02F36  6 instr,  6 native, 4362 bytes  branch->exit  [4E71/2c 4E71/2c 2051/6c D1C9/2c 2029/7c 6754/4c ]
[jit] block $00A02F44  2 instr,  2 native, 1722 bytes  branch->exit  [2429/7c 6000/10c ]
[jit] block $00A03AA4  2 instr,  2 native, 1518 bytes  branch->exit  [0802/4c 6700/6c ]
[jit] block $00A03AAC  3 instr,  3 native, 1790 bytes  branch->exit  [244E/2c 4DFA/7c 4EFA/5c ]
[jit] block $00A03A82  1 instr,  1 native, 829 bytes  [123C/4c ]
[jit] block $00A03A92  2 instr,  2 native, 1304 bytes  branch->exit  [B201/2c 4ED6/4c ]
[jit] block $00A03AB6  1 instr,  1 native, 936 bytes  branch->exit  [6704/6c ]
[jit] block $00A03ABC  2 instr,  2 native, 1249 bytes  branch->exit  [2C4A/2c 6000/10c ]
[jit] block $00A03054  2 instr,  2 native, 1860 bytes  branch->exit  [2229/7c 6604/6c ]
[jit] block $00A0305E  2 instr,  2 native, 1385 bytes  branch->exit  [0887/4c 4ED6/4c ]
[jit] block $00A02F22  4 instr,  4 native, 2941 bytes  branch->exit  [41FA/7c 5848/2c 2010/6c 6726/4c ]
[jit] block $00A14E9C  2 instr,  2 native, 1471 bytes  branch->INTERNAL  [4A11/70c 51CB/6c ]
[jit] block $00A14E98  3 instr,  3 native, 2047 bytes  branch->INTERNAL  [363C/12c 4A11/126c 51CB/10c ]
[jit] block $00A14EA2  1 instr,  1 native, 822 bytes  branch->exit  [4ED5/8c ]
[jit] block $00A14C62  1 instr,  1 native, 947 bytes  branch->exit  [51C8/10c ]
[jit] block $00A14C5A  2 instr,  2 native, 1339 bytes  branch->exit  [4BFA/7c 4EFA/5c ]
[jit] block $00A14E9E  1 instr,  1 native, 947 bytes  branch->exit  [51CB/6c ]
[jit] block $00A14DC4  1 instr,  1 native, 853 bytes  branch->exit  [51CC/6c ]
[jit] block $00A14DBC  2 instr,  2 native, 1576 bytes  branch->exit  [0829/65c 6620/4c ]
[jit] block $00A14DF0  2 instr,  2 native, 1471 bytes  branch->INTERNAL  [4A11/70c 51CB/6c ]
[jit] block $00A14E58  2 instr,  2 native, 1543 bytes  branch->INTERNAL  [0829/69c 67F8/6c ]
[jit] block $00A14E4A  5 instr,  2 native, 2457 bytes  branch->INTERNAL  [08E9/201c 1340/73c 08D1/164c 0829/81c 67F8/10c ]
[jit]   ^ REFUSED(coverage)
[jit] block $00A14E6A  2 instr,  2 native, 1543 bytes  branch->INTERNAL  [0829/141c 67F8/6c ]
[jit] block $00A14E7E  2 instr,  2 native, 1471 bytes  branch->INTERNAL  [4A11/74c 51CB/6c ]
[jit]   no emitter for $00A41A5E 480C: traced semantics op=0 (canEmit=0)
[jit]   no emitter for $00A5192E 01C8: traced semantics op=0 (canEmit=0)
[jit]   no emitter for $00A51932 01C8: traced semantics op=0 (canEmit=0)
[jit]   no emitter for $00A79E20 CB05: traced semantics op=0 (canEmit=0)
[jit]   no emitter for $00A79E22 C904: traced semantics op=0 (canEmit=0)
[jit]   no emitter for $00A79E24 C703: traced semantics op=0 (canEmit=0)
[jit]   no emitter for $00A79E26 C502: traced semantics op=0 (canEmit=0)
[jit]   no emitter for $00A79E28 C301: traced semantics op=0 (canEmit=0)
[jit]   no emitter for $00A79E26 C502: traced semantics op=0 (canEmit=0)
[jit]   no emitter for $00A79E28 C301: traced semantics op=0 (canEmit=0)
[jit] retired=229959017 window=728483 (0.3%) arms=4939410 failed=20717 blocks run=3895616 compiled=23585 flushes=9
[jit] dtlb refusals: probe=176129 pagelen=0 codepage=29999 notram=34139 cache040=0
[jit] arm refusals: probe=20483 notram=11 degenerate=0 pcatend=222 uncovered=0 pipe=1

[jit] opcode census — 728483 instructions, 351 distinct
  move            12887    1.8%
  alu            185879   25.5%
  shift            2767    0.4%
  bitop          140898   19.3%
  addr              945    0.1%
  multi            1850    0.3%
  branch         381536   52.4%
  UNSAFE           1721    0.2%
  native         725000   99.5%  (backend 'x86-64')
  ── top 60 opcodes ──
  4A11 alu    *     107762  14.79%  cum  14.8%
  51C9 branch *     105890  14.54%  cum  29.3%
  0829 bitop  *      89831  12.33%  cum  41.7%
  67F8 branch *      70949   9.74%  cum  51.4%
  4E75 branch *      36913   5.07%  cum  56.5%
  6704 branch *      29246   4.01%  cum  60.5%
  0812 bitop  *      29215   4.01%  cum  64.5%
  60F6 branch *      29104   4.00%  cum  68.5%
  670A branch *      29023   3.98%  cum  72.5%
  6144 branch *      29007   3.98%  cum  76.5%
  40C0 alu    *      28977   3.98%  cum  80.4%
  0240 alu    *      28947   3.97%  cum  84.4%
  6702 branch *      28141   3.86%  cum  88.3%
  082A bitop  *      14142   1.94%  cum  90.2%
  51C8 branch *       9173   1.26%  cum  91.5%
  4A12 alu    *       9100   1.25%  cum  92.7%
  08D1 bitop  *       3738   0.51%  cum  93.2%
  56C8 branch *       2851   0.39%  cum  93.6%
  6000 branch *       2487   0.34%  cum  94.0%
  1340 move   *       2198   0.30%  cum  94.3%
  536A alu    *       2144   0.29%  cum  94.6%
  4CDF multi  *       1755   0.24%  cum  94.8%
  0891 bitop  *       1557   0.21%  cum  95.0%
  426A alu    *       1512   0.21%  cum  95.2%
  3238 move   *       1433   0.20%  cum  95.4%
  E649 shift  *       1433   0.20%  cum  95.6%
  2F01 move   *       1433   0.20%  cum  95.8%
  6100 branch *       1175   0.16%  cum  96.0%
  42AA alu    *       1109   0.15%  cum  96.1%
  51CB branch *        872   0.12%  cum  96.2%
  46DF UNSAFE          807   0.11%  cum  96.4%
  221F move   *        739   0.10%  cum  96.5%
  46C3 UNSAFE          719   0.10%  cum  96.6%
  08A9 bitop  *        711   0.10%  cum  96.7%
  0211 alu    *        700   0.10%  cum  96.7%
  6194 branch *        692   0.09%  cum  96.8%
  08E9 bitop  *        691   0.09%  cum  96.9%
  1350 move   *        668   0.09%  cum  97.0%
  4A29 alu    *        652   0.09%  cum  97.1%
  B1EA alu    *        601   0.08%  cum  97.2%
  67FA branch *        533   0.07%  cum  97.3%
  51CC branch *        508   0.07%  cum  97.3%
  4A28 alu    *        493   0.07%  cum  97.4%
  0811 bitop  *        471   0.06%  cum  97.5%
  51CA branch *        432   0.06%  cum  97.5%
  0C29 alu    *        404   0.06%  cum  97.6%
  206A move   *        400   0.05%  cum  97.6%
  660C branch *        389   0.05%  cum  97.7%
  43EA addr   *        388   0.05%  cum  97.8%
  357C move   *        386   0.05%  cum  97.8%
  6756 branch *        380   0.05%  cum  97.9%
  256A move   *        364   0.05%  cum  97.9%
  0212 alu    *        364   0.05%  cum  98.0%
  663A branch *        364   0.05%  cum  98.0%
  1481 move   *        358   0.05%  cum  98.1%
  2028 move   *        358   0.05%  cum  98.1%
  E04A shift  *        357   0.05%  cum  98.2%
  1482 move   *        357   0.05%  cum  98.2%
  1282 move   *        357   0.05%  cum  98.3%
  6700 branch *        356   0.05%  cum  98.3%

[jit] block fallback census — 562194 unsupported + 3342967 runtime guard/access = 3905161
  24D0 move              0 unsupported    1644236 runtime  42.10%  (A0) -> (A2)+
  08A9 bitop             2 unsupported     646503 runtime  16.56%
  2F70 move         391197 unsupported        789 runtime  10.04%  idx(A0) -> d16(A7)
  177C move              0 unsupported     275042 runtime   7.04%  imm -> d16(A3)
  1747 move              0 unsupported     185905 runtime   4.76%  D7 -> d16(A3)
  14D0 move              0 unsupported     104897 runtime   2.69%  (A0) -> (A2)+
  169A move              0 unsupported      96133 runtime   2.46%  (A2)+ -> (A3)
  4A12 alu           95711 unsupported          0 runtime   2.45%
  117C move              1 unsupported      48411 runtime   1.24%  imm -> d16(A0)
  22D8 move              0 unsupported      40782 runtime   1.04%  (A0)+ -> (A1)+
  1084 move              0 unsupported      28858 runtime   0.74%  D4 -> (A0)
  12DC move              0 unsupported      20147 runtime   0.52%  (A4)+ -> (A1)+
  E3B8 shift         19384 unsupported          0 runtime   0.50%
  1740 move              0 unsupported      19225 runtime   0.49%  D0 -> d16(A3)
  16AC move              0 unsupported      19165 runtime   0.49%  d16(A4) -> (A3)
  1D40 move              0 unsupported      18749 runtime   0.48%  D0 -> d16(A6)
  1C80 move              0 unsupported      18746 runtime   0.48%  D0 -> (A6)
  082A bitop         18357 unsupported          0 runtime   0.47%
  4CDE multi             0 unsupported      16681 runtime   0.43%  EA=(A6)+
  10D9 move              0 unsupported      15525 runtime   0.40%  (A1)+ -> (A0)+
  2089 move              0 unsupported      12579 runtime   0.32%  A1 -> (A0)
  48E6 multi             0 unsupported      11355 runtime   0.29%  EA=-(A6)
  C029 alu           11150 unsupported          0 runtime   0.29%
  1681 move              0 unsupported       9620 runtime   0.25%  D1 -> (A3)
  10BC move              0 unsupported       9618 runtime   0.25%  imm -> (A0)
  32FC move              0 unsupported       8950 runtime   0.23%  imm -> (A1)+
  2081 move              0 unsupported       6374 runtime   0.16%  D1 -> (A0)
  0811 bitop          6297 unsupported          0 runtime   0.16%
  48E7 multi             0 unsupported       6045 runtime   0.15%  EA=-(A7)
  17BC move              0 unsupported       5514 runtime   0.14%  imm -> idx(A3)
  137C move              1 unsupported       5095 runtime   0.13%  imm -> d16(A1)
  08D1 bitop          4768 unsupported        250 runtime   0.13%
  4CDF multi             0 unsupported       4955 runtime   0.13%  EA=(A7)+
  0891 bitop          4713 unsupported        169 runtime   0.13%
  30BC move              0 unsupported       4450 runtime   0.11%  imm -> (A0)
  5368 alu               0 unsupported       4401 runtime   0.11%
  1782 move              0 unsupported       4100 runtime   0.10%  D2 -> idx(A3)
  4258 alu               0 unsupported       4030 runtime   0.10%
  4A29 alu            2731 unsupported          0 runtime   0.07%
  4210 alu               0 unsupported       2584 runtime   0.07%
  12C0 move              0 unsupported       2516 runtime   0.06%  D0 -> (A1)+
  5351 alu               0 unsupported       2307 runtime   0.06%
  1784 move              0 unsupported       2042 runtime   0.05%  D4 -> idx(A3)
  5251 alu               0 unsupported       1760 runtime   0.05%
  2F30 move           1505 unsupported         89 runtime   0.04%  idx(A0) -> -(A7)
  1083 move              0 unsupported       1528 runtime   0.04%  D3 -> (A0)
  48EA multi             0 unsupported       1432 runtime   0.04%  EA=d16(A2)
  08D0 bitop             0 unsupported       1126 runtime   0.03%
  2968 move              0 unsupported       1068 runtime   0.03%  d16(A0) -> d16(A4)
  12D8 move              0 unsupported       1002 runtime   0.03%  (A0)+ -> (A1)+
  2080 move              0 unsupported        791 runtime   0.02%  D0 -> (A0)
  2D1F move              0 unsupported        783 runtime   0.02%  (A7)+ -> -(A6)
  0810 bitop           781 unsupported          0 runtime   0.02%
  2483 move              0 unsupported        753 runtime   0.02%  D3 -> (A2)
  E411 shift           723 unsupported          0 runtime   0.02%
  2F38 move              0 unsupported        707 runtime   0.02%  abs.W -> -(A7)
  4EBA branch            0 unsupported        681 runtime   0.02%
  2548 move              0 unsupported        679 runtime   0.02%  A0 -> d16(A2)
  2F3A move              0 unsupported        611 runtime   0.02%  d16(PC) -> -(A7)
  B189 alu               0 unsupported        593 runtime   0.02%

[jit] bounded shift versions — 8 sites, 82 live, 0 saturated
  E0A9          0 unsupported          0 runtime           0 cap-interp          0 count>31
  E2AB          0 unsupported          0 runtime           0 cap-interp          0 count>31
  E4A4          0 unsupported          0 runtime           0 cap-interp          0 count>31
  E2AA          0 unsupported          0 runtime           0 cap-interp          0 count>31

[jit] runtime fallback causes
  fill/tag MMU            24221    0.72%  5368:3111  16AC:2092  24D0:1853  117C:1649  4CDE:1525  22D8:1075  2968:1068  2F70:789
  non-plain/MMIO        2491809   74.54%  24D0:1642383  177C:275042  1747:185905  14D0:104676  169A:96133  117C:46762  1084:28858  1740:19225
  codeMask               786454   23.53%  08A9:646503  22D8:39580  12DC:20034  10D9:15517  2089:12577  32FC:8948  2081:6353  30BC:4450
  cross-page              40482    1.21%  4CDE:15156  48E6:10561  48E7:5641  4CDF:4819  48EA:1432  48D2:359  4EB9:357  EFD1:259
  other guard                 1    0.00%  80C1:1
  attributed            3342967 /      3342967 runtime  exact

[jit] exact non-plain/MMIO addresses — 2491809 / 2491809 exact
  op=24D0 R addr=$50F06060 page=$50F06 slice=0 mask=$0000 bytes=4       1642383
  op=177C W addr=$50F10010 page=$50F10 slice=0 mask=$0000 bytes=1        201896
  op=1747 W addr=$50F10010 page=$50F10 slice=0 mask=$0000 bytes=1        115375
  op=169A W addr=$50F10000 page=$50F10 slice=0 mask=$0000 bytes=1         96133
  op=14D0 R addr=$50F06060 page=$50F06 slice=0 mask=$0000 bytes=1         90334
  op=177C W addr=$50F10030 page=$50F10 slice=0 mask=$0000 bytes=1         53920
  op=1747 W addr=$50F10020 page=$50F10 slice=0 mask=$0000 bytes=1         41673
  op=1084 W addr=$50F10010 page=$50F10 slice=0 mask=$0000 bytes=1         28858
  op=117C W addr=$50F27C13 page=$50F27 slice=C mask=$0000 bytes=1         26772
  op=177C W addr=$50F10020 page=$50F10 slice=0 mask=$0000 bytes=1         19226
  op=1740 W addr=$50F10010 page=$50F10 slice=0 mask=$0000 bytes=1         19225
  op=117C W addr=$50F27A03 page=$50F27 slice=A mask=$0000 bytes=1         19110
  op=1C80 W addr=$50F14000 page=$50F14 slice=0 mask=$0000 bytes=1         18746
  op=1D40 W addr=$50F14400 page=$50F14 slice=4 mask=$0000 bytes=1         18745
  op=16AC W addr=$50F10000 page=$50F10 slice=0 mask=$0000 bytes=1         17073
  op=14D0 R addr=$50F12060 page=$50F12 slice=0 mask=$0000 bytes=1         14342
  op=1747 W addr=$50F10030 page=$50F10 slice=0 mask=$0000 bytes=1          9623
  op=1747 W addr=$50F10040 page=$50F10 slice=0 mask=$0000 bytes=1          9621
  op=1681 W addr=$50F10000 page=$50F10 slice=0 mask=$0000 bytes=1          9620
  op=10BC W addr=$50F10010 page=$50F10 slice=0 mask=$0000 bytes=1          9618
  op=1747 W addr=$50F10070 page=$50F10 slice=0 mask=$0000 bytes=1          9612
  op=17BC W addr=$50F04002 page=$50F04 slice=0 mask=$0000 bytes=1          5514
  op=137C W addr=$50F26003 page=$50F26 slice=0 mask=$0000 bytes=1          5095
  op=1782 W addr=$50F04000 page=$50F04 slice=0 mask=$0000 bytes=1          2054
  op=1782 W addr=$50F04002 page=$50F04 slice=0 mask=$0000 bytes=1          2046
  op=1083 W addr=$50F24001 page=$50F24 slice=0 mask=$0000 bytes=1          1528
  op=1784 W addr=$50F04000 page=$50F04 slice=0 mask=$0000 bytes=1          1023
  op=1784 W addr=$50F04002 page=$50F04 slice=0 mask=$0000 bytes=1          1019
  op=117C W addr=$50F26002 page=$50F26 slice=0 mask=$0000 bytes=1           880
  op=209A W addr=$50F06000 page=$50F06 slice=0 mask=$0000 bytes=4           478
  op=1798 W addr=$50F04002 page=$50F04 slice=0 mask=$0000 bytes=1           100
  op=109A W addr=$50F04000 page=$50F04 slice=0 mask=$0000 bytes=1            17
  op=1781 W addr=$50F04006 page=$50F04 slice=0 mask=$0000 bytes=1            15
  op=109A W addr=$50F04002 page=$50F04 slice=0 mask=$0000 bytes=1            14
  op=1798 W addr=$50F04004 page=$50F04 slice=0 mask=$0000 bytes=1            10
  op=1140 W addr=$40A7DBB5 page=$40A7D slice=B mask=$0000 bytes=1             9
  op=1798 W addr=$50F04000 page=$50F04 slice=0 mask=$0000 bytes=1             8
  op=1384 W addr=$50F14806 page=$50F14 slice=8 mask=$0000 bytes=1             7
  op=1698 W addr=$50F24001 page=$50F24 slice=0 mask=$0000 bytes=1             6
  op=109A W addr=$50F06000 page=$50F06 slice=0 mask=$0000 bytes=1             6
  op=1087 W addr=$50F10010 page=$50F10 slice=0 mask=$0000 bytes=1             5
  op=1384 W addr=$50F1480A page=$50F14 slice=8 mask=$0000 bytes=1             5
  op=1140 W addr=$40A738E5 page=$40A73 slice=8 mask=$0000 bytes=1             5
  op=1F13 R addr=$50F04000 page=$50F04 slice=0 mask=$0000 bytes=1             4
  op=179F W addr=$50F04000 page=$50F04 slice=0 mask=$0000 bytes=1             4
  op=1758 W addr=$50F24000 page=$50F24 slice=0 mask=$0000 bytes=1             3
  op=179F W addr=$50F04002 page=$50F04 slice=0 mask=$0000 bytes=1             3
  op=08A8 W addr=$40A72F05 page=$40A72 slice=F mask=$0000 bytes=1             3
  op=08A8 W addr=$40A72DC5 page=$40A72 slice=D mask=$0000 bytes=1             2
  op=08A8 W addr=$40A738E5 page=$40A73 slice=8 mask=$0000 bytes=1             2
  op=1140 W addr=$40A7B3F5 page=$40A7B slice=3 mask=$0000 bytes=1             2
  op=1140 W addr=$40A7D125 page=$40A7D slice=1 mask=$0000 bytes=1             2
  op=1F13 R addr=$50F04002 page=$50F04 slice=0 mask=$0000 bytes=1             2
  op=1140 W addr=$40A51D65 page=$40A51 slice=D mask=$0000 bytes=1             2
  op=1140 W addr=$40A7B4B5 page=$40A7B slice=4 mask=$0000 bytes=1             1
  op=229F W addr=$40A72F10 page=$40A72 slice=F mask=$0000 bytes=4             1
  op=4A32 R addr=$50F21C00 page=$50F21 slice=C mask=$0000 bytes=1             1
  op=157C W addr=$50F26012 page=$50F26 slice=0 mask=$0000 bytes=1             1
  op=1140 W addr=$40A51405 page=$40A51 slice=4 mask=$0000 bytes=1             1
  op=1384 W addr=$50F14802 page=$50F14 slice=8 mask=$0000 bytes=1             1

[jit] exact codeMask addresses — 786454 / 786454 exact
  op=08A9 W addr=$0000F922 page=$0000F slice=9 mask=$0200 bytes=1        646503
  op=2089 W addr=$009A1CB6 page=$009A1 slice=C mask=$FF10 bytes=4         11264
  op=30BC W addr=$009DAD90 page=$009DA slice=D mask=$79EF bytes=2          2118
  op=30BC W addr=$009DADC4 page=$009DA slice=D mask=$79EF bytes=2          2116
  op=5351 W addr=$0003A5B0 page=$0003A slice=5 mask=$63F8 bytes=2          1537
  op=4210 W addr=$0003A58C page=$0003A slice=5 mask=$63F8 bytes=1          1537
  op=5251 W addr=$0003A5B0 page=$0003A slice=5 mask=$63F8 bytes=2          1098
  op=08D0 W addr=$0003A58C page=$0003A slice=5 mask=$63F8 bytes=1           747
  op=4210 W addr=$0003A58C page=$0003A slice=5 mask=$0078 bytes=1           743
  op=5351 W addr=$0003A5B0 page=$0003A slice=5 mask=$0078 bytes=2           741
  op=2089 W addr=$009A1CB6 page=$009A1 slice=C mask=$FE00 bytes=4           714
  op=5368 W addr=$009DAD90 page=$009DA slice=D mask=$79EF bytes=2           638
  op=5251 W addr=$0003A5B0 page=$0003A slice=5 mask=$0078 bytes=2           633
  op=5368 W addr=$009DADC4 page=$009DA slice=D mask=$79EF bytes=2           590
  op=2089 W addr=$009A1CB6 page=$009A1 slice=C mask=$FE10 bytes=4           579
  op=08D0 W addr=$0003A58C page=$0003A slice=5 mask=$0078 bytes=1           368
  op=3884 W addr=$000066FC page=$00006 slice=6 mask=$99F4 bytes=2           354
  op=2483 W addr=$000C11E0 page=$000C1 slice=1 mask=$0003 bytes=4           333
  op=4EBA W addr=$0050FB6A page=$0050F slice=B mask=$7800 bytes=4           332
  op=61E8 W addr=$0050FB66 page=$0050F slice=B mask=$7800 bytes=4           320
  op=2F1E W addr=$0050FB6A page=$0050F slice=B mask=$7800 bytes=4           316
  op=5453 W addr=$800BD8D8 page=$800BD slice=8 mask=$01FF bytes=2           256
  op=2F38 W addr=$0050FB66 page=$0050F slice=B mask=$7800 bytes=4           239
  op=4290 W addr=$00067E50 page=$00067 slice=E mask=$6005 bytes=4           163
  op=08D1 W addr=$00008D08 page=$00008 slice=D mask=$2FCF bytes=1           162
  op=6100 W addr=$0050FB6A page=$0050F slice=B mask=$7800 bytes=4           162
  op=52AC W addr=$0000BA3C page=$0000B slice=A mask=$07FF bytes=4           153
  op=2483 W addr=$000BD8D0 page=$000BD slice=8 mask=$01FF bytes=4           136
  op=20BC W addr=$00067E50 page=$00067 slice=E mask=$6005 bytes=4           134
  op=254E W addr=$000C11E4 page=$000C1 slice=1 mask=$0003 bytes=4           124
  op=0092 W addr=$000C11E0 page=$000C1 slice=1 mask=$0003 bytes=4           124
  op=5453 W addr=$8000CD54 page=$8000C slice=D mask=$EC40 bytes=2           121
  op=2D1F W addr=$0000B078 page=$0000B slice=0 mask=$07FF bytes=4           108
  op=6104 W addr=$0050FB4A page=$0050F slice=B mask=$7800 bytes=4           104
  op=2D1F W addr=$0000B0AC page=$0000B slice=0 mask=$07FF bytes=4           104
  op=48E6 W addr=$0000B0B4 page=$0000B slice=0 mask=$07FF bytes=16           102
  op=2483 W addr=$00086CA0 page=$00086 slice=C mask=$1000 bytes=4            79
  op=2A81 W addr=$009D8104 page=$009D8 slice=1 mask=$E156 bytes=4            76
  op=2140 W addr=$009DA2FA page=$009DA slice=2 mask=$79EF bytes=4            66
  op=6142 W addr=$0050FB42 page=$0050F slice=B mask=$1800 bytes=4            64
  op=1140 W addr=$000BAC61 page=$000BA slice=C mask=$F000 bytes=1            61
  op=30BC W addr=$009DADC4 page=$009DA slice=D mask=$7807 bytes=2            61
  op=30BC W addr=$009DAD90 page=$009DA slice=D mask=$7807 bytes=2            58
  op=48E6 W addr=$0000B07C page=$0000B slice=0 mask=$07FF bytes=48            53
  op=2D1F W addr=$0000B0B0 page=$0000B slice=0 mask=$07FF bytes=4            53
  op=61E0 W addr=$0050FB4E page=$0050F slice=B mask=$7800 bytes=4            52
  op=4EBA W addr=$0050FB5E page=$0050F slice=B mask=$7800 bytes=4            52
  op=2F00 W addr=$0050FB66 page=$0050F slice=B mask=$7800 bytes=4            52
  op=4EBA W addr=$0050FB5A page=$0050F slice=B mask=$7800 bytes=4            52
  op=48E7 W addr=$0050FB52 page=$0050F slice=B mask=$7800 bytes=8            52
  op=61D8 W addr=$0050FB4E page=$0050F slice=B mask=$7800 bytes=4            52
  op=0891 W addr=$00008D08 page=$00008 slice=D mask=$2FCF bytes=1            48
  op=4EBA W addr=$00509840 page=$00509 slice=8 mask=$1F00 bytes=4            48
  op=4EBA W addr=$00509842 page=$00509 slice=8 mask=$0100 bytes=4            47
  op=4251 W addr=$009D990E page=$009D9 slice=9 mask=$FF47 bytes=2            47
  op=5369 W addr=$0000F932 page=$0000F slice=9 mask=$0200 bytes=2            42
  op=234E W addr=$00008D1A page=$00008 slice=D mask=$2FCF bytes=4            40
  op=3342 W addr=$000BAC4C page=$000BA slice=C mask=$F000 bytes=2            40
  op=2D1F W addr=$0000B050 page=$0000B slice=0 mask=$07FF bytes=4            40
  op=30BC W addr=$009DADC4 page=$009DA slice=D mask=$7987 bytes=2            37

[jit] exact cross-page addresses — 40482 / 40482 exact
  op=4CDE R addr=$0000AFCE page=$0000A off=$FCE bytes=52          9499
  op=48E6 W addr=$0000AFFE page=$0000A off=$FFE bytes=8          4817
  op=4CDE R addr=$0000AFFE page=$0000A off=$FFE bytes=8          4755
  op=48E6 W addr=$0000AFCE page=$0000A off=$FCE bytes=52          4755
  op=48E7 W addr=$005F9FEE page=$005F9 off=$FEE bytes=24           853
  op=48E7 W addr=$005F9FE8 page=$005F9 off=$FE8 bytes=32           838
  op=4CDF R addr=$005F9FEE page=$005F9 off=$FEE bytes=24           815
  op=4CDF R addr=$005F9FE8 page=$005F9 off=$FE8 bytes=32           686
  op=48E6 W addr=$0006FFF0 page=$0006F off=$FF0 bytes=24           675
  op=4CDE R addr=$0006FFF0 page=$0006F off=$FF0 bytes=24           595
  op=48E7 W addr=$005F9FFC page=$005F9 off=$FFC bytes=12           522
  op=4CDF R addr=$005F9FFC page=$005F9 off=$FFC bytes=12           436
  op=4EB9 W addr=$005F9FFE page=$005F9 off=$FFE bytes=4           357
  op=48E7 W addr=$005F9FFA page=$005F9 off=$FFA bytes=12           264
  op=4CDF R addr=$005F9FFA page=$005F9 off=$FFA bytes=12           257
  op=EFD1 W addr=$0006FFFF page=$0006F off=$FFF bytes=4           221
  op=4CDF R addr=$005F9FF8 page=$005F9 off=$FF8 bytes=24           218
  op=48E7 W addr=$005F9FF8 page=$005F9 off=$FF8 bytes=24           209
  op=48E7 W addr=$005F9FFC page=$005F9 off=$FFC bytes=24           193
  op=48E7 W addr=$005F9FF6 page=$005F9 off=$FF6 bytes=32           187
  op=24D9 W addr=$005F9FFE page=$005F9 off=$FFE bytes=4           182
  op=4CDE R addr=$0006FFE4 page=$0006F off=$FE4 bytes=32           167
  op=48E6 W addr=$0006FFE4 page=$0006F off=$FE4 bytes=32           165
  op=48E7 W addr=$005F9FEE page=$005F9 off=$FEE bytes=32           165
  op=4CDF R addr=$005F9FFC page=$005F9 off=$FFC bytes=24           165
  op=2F08 W addr=$005F9FFE page=$005F9 off=$FFE bytes=4           159
  op=4CDF R addr=$005F9FFA page=$005F9 off=$FFA bytes=16           157
  op=4CDF R addr=$005F9FF6 page=$005F9 off=$FF6 bytes=32           147
  op=48E6 W addr=$0006FFF6 page=$0006F off=$FF6 bytes=12           143
  op=48E7 W addr=$005F9FF6 page=$005F9 off=$FF6 bytes=20           138
  op=4CDE R addr=$0006FFF6 page=$0006F off=$FF6 bytes=12           133
  op=4CDF R addr=$005F9FEE page=$005F9 off=$FEE bytes=32           132
  op=2F38 W addr=$005F9FFE page=$005F9 off=$FFE bytes=4           123
  op=6112 W addr=$005F9FFE page=$005F9 off=$FFE bytes=4           122
  op=48E7 W addr=$005F9FF4 page=$005F9 off=$FF4 bytes=24           121
  op=48E7 W addr=$005F9FF2 page=$005F9 off=$FF2 bytes=24           121
  op=48E7 W addr=$005F9FE4 page=$005F9 off=$FE4 bytes=32           116
  op=4CDF R addr=$005F9FF2 page=$005F9 off=$FF2 bytes=24           107
  op=48E7 W addr=$009D6FE6 page=$009D6 off=$FE6 bytes=40           104
  op=4CDF R addr=$005F9FE4 page=$005F9 off=$FE4 bytes=32            97
  op=48E7 W addr=$005F9FF8 page=$005F9 off=$FF8 bytes=12            96
  op=4CDF R addr=$005F9FF8 page=$005F9 off=$FF8 bytes=12            87
  op=4CDF R addr=$005F9FF4 page=$005F9 off=$FF4 bytes=24            81
  op=4CDF R addr=$005F9FFC page=$005F9 off=$FFC bytes=8            80
  op=6100 W addr=$005F9FFE page=$005F9 off=$FFE bytes=4            80
  op=2F0A W addr=$005F9FFE page=$005F9 off=$FFE bytes=4            74
  op=48E7 W addr=$005F9FF0 page=$005F9 off=$FF0 bytes=28            74
  op=4CDF R addr=$005F9FFE page=$005F9 off=$FFE bytes=40            73
  op=48E7 W addr=$005F9FFE page=$005F9 off=$FFE bytes=40            73
  op=6100 W addr=$009D6FFE page=$009D6 off=$FFE bytes=4            72
  op=48E7 W addr=$005F9FE6 page=$005F9 off=$FE6 bytes=32            67
  op=2F38 W addr=$009D6FFE page=$009D6 off=$FFE bytes=4            67
  op=2F01 W addr=$005F9FFE page=$005F9 off=$FFE bytes=4            66
  op=4CDF R addr=$005F9FE0 page=$005F9 off=$FE0 bytes=40            66
  op=48E7 W addr=$005F9FE0 page=$005F9 off=$FE0 bytes=40            65
  op=48E7 W addr=$005F9FF8 page=$005F9 off=$FF8 bytes=16            65
  op=2F14 W addr=$009D6FFE page=$009D6 off=$FFE bytes=4            65
  op=48E7 W addr=$005F9FFC page=$005F9 off=$FFC bytes=16            61
  op=48E7 W addr=$005F9FF6 page=$005F9 off=$FF6 bytes=24            60
  op=6104 W addr=$005F9FFE page=$005F9 off=$FFE bytes=4            59

[jit] exact other-runtime-access addresses — 1 / 1 exact
  op=80C1 R addr=$00000000 page=$00000 slice=0 mask=$0000 bytes=0             1

[jit] fallback addressing — MOVE source
  (An)              229 unsupported      1750108 runtime
  idx(An)        393100 unsupported         1428 runtime
  imm                16 unsupported       357570 runtime
  Dn                231 unsupported       302390 runtime
  (An)+               0 unsupported       177036 runtime
  d16(An)           486 unsupported        23314 runtime
  An                 52 unsupported        15055 runtime
  abs.W               0 unsupported          961 runtime
  d16(PC)             0 unsupported          659 runtime
  -(An)               2 unsupported          227 runtime
  idx(PC)            25 unsupported           73 runtime

[jit] fallback addressing — MOVE destination
  (An)+               0 unsupported      1840858 runtime
  d16(An)        391447 unsupported       558017 runtime
  (An)              406 unsupported       211322 runtime
  idx(An)            52 unsupported        11984 runtime
  -(An)            1506 unsupported         5061 runtime
  Dn                730 unsupported          527 runtime
  abs.W               0 unsupported         1031 runtime
  An                  0 unsupported           21 runtime

[jit] fallback addressing — MOVEM operand
  (An)+               0 unsupported        21649 runtime
  -(An)               0 unsupported        17485 runtime
  d16(An)             0 unsupported         1548 runtime
  (An)                0 unsupported          413 runtime
  idx(PC)             2 unsupported            0 runtime

[jit] indexed-mode fallbacks by extension form — 408110 attributed (of 3905161 total fallbacks)
  brief (d8,An/PC,Xn)        12142    3.0%
  full 68020 format           1480    0.4%
  mixed (both seen)         394488   96.7%
  compiled slots: 941 brief, 347 full (cumulative over the run, not per phase)
  brief share if mixed is apportioned by slot ratio:  58.0%  (ESTIMATE)

[jit] fallback addressing — top MOVE source -> destination pairs
  (An)     -> (An)+               0 unsupported      1749319 runtime
  idx(An)  -> d16(An)        391212 unsupported          790 runtime
  imm      -> d16(An)             3 unsupported       328779 runtime
  Dn       -> d16(An)           194 unsupported       224909 runtime
  (An)+    -> (An)                0 unsupported        96750 runtime
  (An)+    -> (An)+               0 unsupported        78888 runtime
  Dn       -> (An)               37 unsupported        67757 runtime
  d16(An)  -> (An)                0 unsupported        19510 runtime
  imm      -> (An)               13 unsupported        14251 runtime
  An       -> (An)                0 unsupported        13013 runtime
  imm      -> (An)+               0 unsupported         8991 runtime
  Dn       -> idx(An)             0 unsupported         6278 runtime
  imm      -> idx(An)             0 unsupported         5524 runtime
  Dn       -> (An)+               0 unsupported         3067 runtime
  idx(An)  -> -(An)            1505 unsupported           89 runtime
  d16(An)  -> d16(An)             0 unsupported         1425 runtime
  An       -> d16(An)             0 unsupported         1273 runtime
  (An)+    -> -(An)               0 unsupported         1162 runtime
  d16(An)  -> -(An)               1 unsupported          983 runtime
  d16(An)  -> abs.W               0 unsupported          903 runtime
  abs.W    -> -(An)               0 unsupported          716 runtime
  An       -> -(An)               0 unsupported          690 runtime
  d16(PC)  -> -(An)               0 unsupported          659 runtime
  (An)     -> d16(An)            36 unsupported          526 runtime
lcii engine=jit    cycles=520960000 machine (2083853503 core, boost ×4.0)  wall=5.82s for 33.25s of guest time  ×5.72 real time  358.2 core MHz  fp=3de5c5ab62b4eca8
  backend=x86-64  retired=236821650  40.7 Minstr/s  blocks 23585 compiled / 3895616 run (59.0 instr/run)
  compile: 23642 attempt(s), 57 rejected (0.2%), 217.33 ms total (9.2 us/attempt)
    accepted 23585 in 217.08 ms (9.2 us/accepted) · context/IR 15/0.00 ms · coverage 42/0.25 ms
  native 225583038 (95.3%) · block fallback 3513478 (1.5%) · window/interp 7591116 (3.2%) · tracing 134018 (0.1%)
  identity: buckets 225583038+3513478+728483+6862633+134018 = 236821650 vs retired 236821650 · misses 7725134 vs attributed 7725134 · OK
  window 4939410 armed / 20717 refused · dtlb 1195028 filled / 34139 refused · 9 flush(es), 40063 from a write into translated code
  flush causes:  wrapper hint/reset 1  translation moved 4530  write into code 8
  not-native causes (instrs):  cpu flags 2963286 (1.3%)  window refused 20717 (0.0%)  arm backoff 662944 (0.3%)  tracing 3318415 (1.4%)  backend declined 728483 (0.3%)  guard replay 31289 (0.0%)
  exit block end           3309941  (1 per 71.5 instr)
  exit cpu flags           2981351  (1 per 79.4 instr)
  exit fault                     1  (1 per 236821650.0 instr)
  exit window lost          459897  (1 per 514.9 instr)
  exit clock budget         111371  (1 per 2126.4 instr)
  exit not compilable      3184401  (1 per 74.4 instr)
  exits total        10046962  (1 per 23.6 instr)
POM68K_JIT_METRICS {"schema":"pom68k.jit.metrics.v1","gate":"jit_fixed_cycle_bench","workload":"lcii_native_experimental","cpu_family":"68030","host_arch":"x86_64","host_profile":"x86_64","backend":"x86-64","engine":"jit","status":"pass","machine_cycles":520960000,"core_cycles":2083853503,"wall_ns":5817506121,"fingerprint":"3de5c5ab62b4eca8","blocks_compiled":23585,"blocks_run":3895616,"jit_instrs":229959017,"native_instrs":225583038,"interp_instrs":6862633,"slow_instrs":3513478,"window_instrs":728483,"native_share_permille":952,"realtime_permille":5715}
  SCSI=9618  pc=$0006B2E2  running
  icache: 571592391 fetches, 443637308 hits, 127950916 misses (77.61% hit)
  data window: 12885356 hits, 14202572 refusals
