Test project /Users/mercure/src/pom68k/build
    Start   7: iwm_write_test
1/4 Test   #7: iwm_write_test ...................***Failed    0.13 sec
iwm_write_test — IWM write engine + SonyDrive GCR write-back
  insert patterned 800K source                                   ok
  harvest data field for sector 3                                ok
  insert blank 800K target                                       ok
  handshake idle: ready, b6 low                                  ok
  write mode: b6 high (no underrun)                              ok
  handshake paces the whole field without stalling               ok
  no underrun while fed                                          ok
  read back written sector                                       ok
  write path is the inverse of the read path                     ok
  neighbour sector stays blank                                   ok
  starved shifter: underrun (b6 low)                             ok
  write re-entry clears underrun                                 ok
  write-protected image is untouched                             ok
  empty SuperDrive: RDDATA1 idles high (rd1=1)                   ok
  empty SuperDrive: RDDATA0 idles high                           ok
  empty SuperDrive: 2M reads 0 (no media)                        ok
  empty SuperDrive: resets in MFM mode                           ok
  empty SuperDrive signature is not HD-20                        ok
  insert DD media into SuperDrive                                ok
  SuperDrive + DD media: 2M reads 1                              ok
  insert clears disk-switched (master :672)                      ok
  DD insert derives GCR mode                                     ok
  eject raises disk-switched                                     ok
  DskchgClear clears the latch, even empty                       ok
  re-insert DD media                                             ok
  DskchgClear does not flip MFM on                               ok
  MFMModeOn strobe enters MFM                                    FAIL
  MAME reg 0xE stays unassigned (no GCR-on)                      FAIL
  GCRModeOn strobe returns to GCR                                FAIL
  800K drive: RDDATA1 reads 0 (no MFM)                           ok
  800K drive: 2M always 1 (mfd51w)                               ok
  800K drive ignores MFMModeOn                                   ok
  SuperDrive + HD media: 2M reads 0                              ok
  GCRModeOn switches even on HD media (:3382)                    FAIL
  MFMModeOn returns HD media to MFM                              FAIL
  setup reflection keeps the HD guard                            FAIL
  insert 400K media                                              ok
  400K media derives single-sided geometry                       ok
  SIDES sense is the mechanism, not the media                    ok
  SWIM DoubleSide sense likewise                                 ok
  empty drive: classic TACH line low                             ok
  empty drive: SWIM tach low too                                 ok
  ENABLE off: sense reads high (drive deselected)                ok
  ENABLE on: CSTIN low (disk in)                                 ok
  ENABLE off: STEP strobe ignored                                ok
  ENABLE on: STEP strobe steps                                   ok
  motor off: no nibble stream                                    ok
  MOTORON strobe reaches the enabled drive                       ok
  motor on: nibbles flow                                         ok
  interleaved access resets the IWM->ISM counter                 ok
  a read of offset 0xf advances the pattern's 0 step             ok
  ISM entry: FIFO empty                                          ok
  ISM write to offset 8 is ignored                               ok
  ISM write to offset 0 pushes the FIFO                          ok
  mode-clear returns to IWM                                      ok
FAILED

    Start   9: swim1_test
2/4 Test   #9: swim1_test .......................   Passed    0.11 sec
    Start 109: q605_hotfloppy_etalon
3/4 Test #109: q605_hotfloppy_etalon ............   Passed   60.35 sec
    Start 174: lcii_floppy_etalon
4/4 Test #174: lcii_floppy_etalon ...............   Passed   29.06 sec

75% tests passed, 1 tests failed out of 4

Label Time Summary:
asset-none         =   0.23 sec*proc (2 tests)
asset-required     = 409.13 sec*proc (2 tests)
etalon             = 409.13 sec*proc (2 tests)
host-any           = 409.37 sec*proc (4 tests)
m030               = 348.78 sec*proc (1 test)
m040               =  60.35 sec*proc (1 test)
scope-component    =   0.23 sec*proc (2 tests)
scope-profile      = 409.13 sec*proc (2 tests)
tier-daily         =   0.23 sec*proc (2 tests)
tier-full          = 409.13 sec*proc (2 tests)
unit               =   0.23 sec*proc (2 tests)

Total Test time (real) =  89.66 sec

The following tests FAILED:
	  7 - iwm_write_test (Failed)                           asset-none host-any scope-component tier-daily unit
Errors while running CTest
exit 8
