Test project /Users/mercure/src/pom68k/build
      Start  39: input_journal_test
      Start  42: store_inventory_test
      Start  49: cpu_wrapper_smoke
      Start   4: contention_test
      Start  50: pseudovia_test
      Start  56: via6522_parity_test
 1/86 Test  #42: store_inventory_test ..................   Passed    0.02 sec
      Start  93: scc_engine_test
 2/86 Test  #39: input_journal_test ....................   Passed    1.52 sec
      Start   2: cpu_smoke
 3/86 Test  #49: cpu_wrapper_smoke .....................   Passed    2.84 sec
      Start  34: daynaport_test
 4/86 Test   #4: contention_test .......................   Passed    5.44 sec
      Start  60: asc_easc_test
 5/86 Test  #50: pseudovia_test ........................   Passed    6.11 sec
      Start  30: atalk_stack_test
 6/86 Test  #56: via6522_parity_test ...................   Passed    6.60 sec
      Start  92: scc_baud_test
 7/86 Test  #93: scc_engine_test .......................   Passed    7.09 sec
      Start  19: scsi_target_test
 8/86 Test   #2: cpu_smoke .............................   Passed    6.25 sec
      Start  31: afp_server_test
 9/86 Test  #34: daynaport_test ........................   Passed    5.46 sec
      Start  51: v8_ramsize
10/86 Test  #60: asc_easc_test .........................   Passed    3.58 sec
      Start  87: v8_raster_test
11/86 Test  #30: atalk_stack_test ......................   Passed    3.44 sec
      Start  29: ltoudp_test
12/86 Test  #92: scc_baud_test .........................   Passed    3.70 sec
      Start  58: ncr53c96_queue_test
13/86 Test  #19: scsi_target_test ......................   Passed    3.84 sec
      Start  28: llap_loop_test
14/86 Test  #31: afp_server_test .......................   Passed    3.96 sec
      Start  80: pic1654s_test
15/86 Test  #51: v8_ramsize ............................   Passed    4.27 sec
      Start  94: r65c02_test
16/86 Test  #87: v8_raster_test ........................   Passed    6.17 sec
      Start   3: demo_screenshot
17/86 Test  #29: ltoudp_test ...........................   Passed    7.01 sec
      Start  88: q605_dafb_test
18/86 Test  #58: ncr53c96_queue_test ...................   Passed    6.94 sec
      Start  83: v8_video_test
19/86 Test  #28: llap_loop_test ........................   Passed    7.04 sec
      Start  86: raster_equiv_test
20/86 Test  #80: pic1654s_test .........................   Passed    6.79 sec
      Start  79: egret_test
21/86 Test  #94: r65c02_test ...........................   Passed    6.97 sec
      Start 184: nubus_test
22/86 Test   #3: demo_screenshot .......................   Passed    4.59 sec
      Start  52: flux_pll_test
23/86 Test  #88: q605_dafb_test ........................   Passed    3.92 sec
      Start   6: gcr_test
24/86 Test  #83: v8_video_test .........................   Passed    3.97 sec
      Start  55: scc_int_test
25/86 Test  #86: raster_equiv_test .....................   Passed    3.81 sec
      Start  53: valkyrie_i2c_test
26/86 Test  #79: egret_test ............................   Passed    3.80 sec
      Start  63: q605_asc_test
27/86 Test #184: nubus_test ............................   Passed    3.26 sec
      Start  32: pap_server_test
28/86 Test  #52: flux_pll_test .........................   Passed    3.75 sec
      Start  11: savestate_v8_test
29/86 Test   #6: gcr_test ..............................   Passed    3.77 sec
      Start  61: q700_turboscsi_test
30/86 Test  #55: scc_int_test ..........................   Passed    3.78 sec
      Start  82: video_beam_test
31/86 Test  #53: valkyrie_i2c_test .....................   Passed    4.45 sec
      Start  90: quadra_event_scheduler_test
32/86 Test  #63: q605_asc_test .........................   Passed    5.02 sec
      Start  54: valkyrie_test
33/86 Test  #32: pap_server_test .......................   Passed    5.55 sec
      Start  95: applepic_test
34/86 Test  #11: savestate_v8_test .....................   Passed    5.75 sec
      Start  10: savestate_test
35/86 Test  #61: q700_turboscsi_test ...................   Passed    5.65 sec
      Start  44: peripheral_lle_test
36/86 Test  #82: video_beam_test .......................   Passed    5.57 sec
      Start  62: asc_test
37/86 Test  #90: quadra_event_scheduler_test ...........   Passed    5.12 sec
      Start 183: declrom_test
38/86 Test  #54: valkyrie_test .........................   Passed    4.68 sec
      Start  81: adbline_test
39/86 Test  #95: applepic_test .........................   Passed    4.36 sec
      Start  85: sonora_video_test
40/86 Test  #10: savestate_test ........................   Passed    3.92 sec
      Start  27: scc_ext_test
41/86 Test  #44: peripheral_lle_test ...................   Passed    3.77 sec
      Start 185: toby_test
42/86 Test  #62: asc_test ..............................   Passed    3.60 sec
      Start  59: msc_parity_test
43/86 Test #183: declrom_test ..........................   Passed    3.34 sec
      Start 200: jit_store_guard_a64_test
44/86 Test  #81: adbline_test ..........................   Passed    3.36 sec
      Start  89: q605_event_scheduler_test
45/86 Test  #85: sonora_video_test .....................   Passed    3.34 sec
      Start  33: macip_gw_test
46/86 Test  #27: scc_ext_test ..........................   Passed    3.49 sec
      Start  13: savestate_040_test
47/86 Test #185: toby_test .............................   Passed    3.62 sec
      Start 195: jit_copyback_write_040_test
48/86 Test  #59: msc_parity_test .......................   Passed    3.78 sec
      Start 182: jit_restart_write_030_test
49/86 Test #200: jit_store_guard_a64_test ..............   Passed    3.92 sec
      Start 181: berr030_test
50/86 Test #181: berr030_test ..........................   Passed    0.03 sec
      Start  43: folderprobe_test
51/86 Test  #43: folderprobe_test ......................   Passed    0.00 sec
      Start 204: callm_rtm_test
52/86 Test #204: callm_rtm_test ........................   Passed    0.02 sec
      Start 201: cache040_test
53/86 Test #201: cache040_test .........................   Passed    0.02 sec
      Start 203: fpu040_test
54/86 Test #203: fpu040_test ...........................   Passed    0.02 sec
      Start 202: fpu_sanity
55/86 Test #202: fpu_sanity ............................   Passed    0.03 sec
      Start 206: jit_backend_parity_test
56/86 Test  #89: q605_event_scheduler_test .............   Passed    4.01 sec
      Start  35: asset_fingerprint_test
57/86 Test  #35: asset_fingerprint_test ................   Passed    0.01 sec
      Start  36: fixture_store_test
58/86 Test  #36: fixture_store_test ....................   Passed    0.00 sec
      Start 194: jit_asset_free_lockstep_test
59/86 Test  #33: macip_gw_test .........................   Passed    3.96 sec
      Start  37: asset_lock_test
60/86 Test  #37: asset_lock_test .......................   Passed    0.38 sec
      Start   7: iwm_write_test
61/86 Test   #7: iwm_write_test ........................   Passed    0.01 sec
      Start   9: swim1_test
62/86 Test   #9: swim1_test ............................   Passed    0.02 sec
      Start   8: iwm_read_test
63/86 Test   #8: iwm_read_test .........................   Passed    0.03 sec
      Start  75: swim2_test
64/86 Test  #75: swim2_test ............................   Passed    0.02 sec
      Start 170: floppy_persist_test
65/86 Test #170: floppy_persist_test ...................   Passed    0.02 sec
      Start  76: swim2_media_test
66/86 Test  #76: swim2_media_test ......................   Passed    0.04 sec
      Start 243: file_size_budget_test
67/86 Test #243: file_size_budget_test .................   Passed    0.52 sec
      Start  25: dir2hfs_selftest
68/86 Test  #13: savestate_040_test ....................   Passed    4.40 sec
      Start 196: jit_copyback_write_040_control_test
69/86 Test  #25: dir2hfs_selftest ......................   Passed    0.04 sec
      Start 199: jit_copyback_pair_040_control_test
70/86 Test #199: jit_copyback_pair_040_control_test ....   Passed    0.45 sec
      Start 197: jit_copyback_bsr_040_test
71/86 Test #196: jit_copyback_write_040_control_test ...   Passed    0.46 sec
      Start 198: jit_copyback_pair_040_test
72/86 Test #197: jit_copyback_bsr_040_test .............   Passed    0.02 sec
      Start  40: docs_test
73/86 Test #198: jit_copyback_pair_040_test ............   Passed    0.03 sec
      Start  38: machinehost_test
74/86 Test #195: jit_copyback_write_040_test ...........   Passed    4.28 sec
      Start  41: config_test
75/86 Test  #41: config_test ...........................   Passed    0.05 sec
      Start  57: rtc_pram_test
76/86 Test  #38: machinehost_test ......................   Passed    0.08 sec
      Start  91: q605_turboscsi_test
77/86 Test  #57: rtc_pram_test .........................   Passed    0.02 sec
      Start 205: jit_backend_test
78/86 Test  #91: q605_turboscsi_test ...................   Passed    0.03 sec
      Start 169: scsi_cdrom_test
79/86 Test #169: scsi_cdrom_test .......................   Passed    0.00 sec
      Start  77: floppy_sound_test
80/86 Test  #77: floppy_sound_test .....................   Passed    0.01 sec
81/86 Test #205: jit_backend_test ......................   Passed    0.03 sec
82/86 Test  #40: docs_test .............................   Passed    0.20 sec
83/86 Test #182: jit_restart_write_030_test ............   Passed    4.52 sec
84/86 Test #206: jit_backend_parity_test ...............   Passed    4.33 sec
85/86 Test #194: jit_asset_free_lockstep_test ..........   Passed    6.32 sec
      Start   1: gui_smoke_test
86/86 Test   #1: gui_smoke_test ........................   Passed    0.19 sec

100% tests passed out of 86

Label Time Summary:
asset-none          = 256.57 sec*proc (86 tests)
gui                 =   0.19 sec*proc (1 test)
host-a64            =   3.92 sec*proc (1 test)
host-any            = 241.09 sec*proc (79 tests)
host-native         =  11.56 sec*proc (6 tests)
jit                 =  24.36 sec*proc (10 tests)
jit-fast            =  10.95 sec*proc (8 tests)
m030                =   7.12 sec*proc (2 tests)
m040                =  23.81 sec*proc (8 tests)
scope-component     = 231.94 sec*proc (73 tests)
scope-engine        =  24.36 sec*proc (10 tests)
scope-repository    =   0.27 sec*proc (3 tests)
smoke               =   0.03 sec*proc (1 test)
tier-daily          = 256.57 sec*proc (86 tests)
unit                = 256.38 sec*proc (85 tests)

Total Test time (real) =  45.91 sec
exit 0
