Test project /Users/mercure/src/pom68k/build
    Start  84: cuda_restart_test
1/3 Test  #84: cuda_restart_test ................   Passed    1.12 sec
    Start 179: q605_restart_etalon
2/3 Test #179: q605_restart_etalon ..............   Passed   18.45 sec
    Start 180: lcii_restart_etalon
3/3 Test #180: lcii_restart_etalon ..............   Passed   43.41 sec

100% tests passed out of 3

Label Time Summary:
asset-optional     =   1.12 sec*proc (1 test)
asset-required     =  61.86 sec*proc (2 tests)
etalon             =  61.86 sec*proc (2 tests)
host-any           =  62.98 sec*proc (3 tests)
m030               =  43.41 sec*proc (1 test)
m040               =  18.45 sec*proc (1 test)
scope-component    =   1.12 sec*proc (1 test)
scope-profile      =  61.86 sec*proc (2 tests)
tier-full          =  62.98 sec*proc (3 tests)
unit               =   1.12 sec*proc (1 test)

Total Test time (real) =  62.98 sec
exit 0
